ASxxxx Linker V03.00 + NoICE + sdld,  page 1.
Hexadecimal  [32-Bits]

Area                                    Addr        Size        Decimal Bytes (Attributes)
--------------------------------        ----        ----        ------- ----- ------------
.  .ABS.                            00000000    00000000 =           0. bytes (ABS,CON)

      Value  Global                              Global Defined In Module
      -----  --------------------------------   ------------------------
     00000000  .__.ABS.                           cpct_strings
     00000000  l__CABS                         
     00000000  l__DABS                         
     00000000  l__GSFINAL                      
     00000000  l__GSINIT                       
     00000000  l__HOME                         
     00000000  s__CABS                         
     00000000  s__DABS                         
     00000007  l__INITIALIZED                  
     00000007  l__INITIALIZER                  
     000000AE  l__DATA                         
     000022FE  l__CODE                         
     00004000  s__CODE                         
     000062FE  s__DATA                         
     000063AC  s__INITIALIZED                  
     000063B3  s__GSFINAL                      
     000063B3  s__GSINIT                       
     000063B3  s__HOME                         
     000063B3  s__INITIALIZER                  

ASxxxx Linker V03.00 + NoICE + sdld,  page 2.
Hexadecimal  [32-Bits]

Area                                    Addr        Size        Decimal Bytes (Attributes)
--------------------------------        ----        ----        ------- ----- ------------
_CODE                               00004000    000022FE =        8958. bytes (REL,CON)

      Value  Global                              Global Defined In Module
      -----  --------------------------------   ------------------------
     000042B3  _game_init                         game
     00004383  _game_update                       game
     000049AB  _game_render                       game
     00004B5E  _cpc_entry_wrapper                 main
     00004B5E  cpc_run_address                    main
     00004B75  _main                              main
     00004B87  _collision_init                    collision
     00004BA9  _collision_is_on_ground            collision
     00004BC3  _collision_is_on_ground_at         collision
     00004C28  _collision_clamp_y_to_ground       collision
     00004C42  _collision_clamp_y_at              collision
     00004CD9  _collision_is_on_trap              collision
     00004CFE  _collision_is_on_ladder            collision
     00004FAC  _hudinit                           hud
     00004FC7  _hudupdate                         hud
     00004FF8  _hudrender                         hud
     000050B7  _input_update                      input
     00005108  _input_is_left_pressed             input
     00005110  _input_is_right_pressed            input
     00005118  _input_is_up_pressed               input
     00005120  _input_is_down_pressed             input
     00005128  _input_is_jump_pressed             input
     00005130  _input_is_jump_just_pressed        input
     00005142  _input_is_shoot_pressed            input
     0000514A  _input_is_shoot_just_pressed       input
     0000515C  _tilemap_init                      tilemap
     00005188  _tilemap_render                    tilemap
     00005229  _tilemap_ground_y                  tilemap
     00005231  _tilemap_platform_y_at             tilemap
     00005263  _tilemap_is_trap                   tilemap
     000052C7  _tilemap_is_ladder                 tilemap
     000052CA  _tilemap_is_hidden_zone            tilemap
     000052CD  _tilemap_goal_x                    tilemap
     000052D5  _level1tilemapwidth                level1
     000052D7  _level1tilemapheight               level1
     000052D9  _level1tilemap                     level1
     000052F7  _level1tileproperties              level1
     000052F9  _gpalette                          level1
     00005309  _tilesetbase_data                  base
     00005329  _spr_enemy_boss_data               enemyboss
     00005349  _spr_enemy_gargoyle_data           enemygargoyle
     00005369  _spr_enemy_harpy_data              enemyharpy
     00005389  _spr_enemy_skeleton_data           enemyskeleton
     000053A9  _spr_enemy_zombie_data             enemyzombie
     000053C9  _spr_hud_data                      hud
     000053E9  _sprplayerknight_data              playerknight
     00005429  _spr_projectiles_data              projectiles
     00005449  _font_gothic_data                  fontgothic
     00005469  _hudhealthbar_data                 healthbar
     00005489  _enemyinit                         enemy
ASxxxx Linker V03.00 + NoICE + sdld,  page 3.
Hexadecimal  [32-Bits]

Area                                    Addr        Size        Decimal Bytes (Attributes)
--------------------------------        ----        ----        ------- ----- ------------
_CODE                               00004000    000022FE =        8958. bytes (REL,CON)

      Value  Global                              Global Defined In Module
      -----  --------------------------------   ------------------------
     00005644  _enemyspawn                        enemy
     0000581C  _enemyupdate                       enemy
     00005A28  _enemyrender                       enemy
     00005ABA  _enemydamage                       enemy
     00005AFA  _playerinit                        player
     00005B80  _playerupdate                      player
     00005DB7  _playerrender                      player
     00005E04  _player_get_health                 player
     00005E1A  _player_get_weapon                 player
     00005E30  _projectileinit                    projectile
     00005E8D  _projectilefire                    projectile
     00005F44  _projectileupdate                  projectile
     00005FA3  _projectilerender                  projectile
     00006025  __divuint                          
     0000602D  __divuchar                         
     00006034  __divu8                            
     00006037  __divu16                           
     00006066  _cpct_isKeyPressed                 cpct_keyboard
     00006066  cpct_isKeyPressed_asm              cpct_keyboard
     00006072  _cpct_scanKeyboard_f               cpct_keyboard
     00006072  cpct_scanKeyboard_f_asm            cpct_keyboard
     000060DC  _cpct_setPalette                   cpct_video
     000060F3  _cpct_setPALColour                 cpct_video
     000060FF  _cpct_drawSprite                   cpct_sprites
     000061A4  __moduchar                         
     000061B0  __moduint                          
     000061BB  _cpct_keyboardStatusBuffer         cpct_keyboard
     000061C5  _cpct_waitVSYNC                    cpct_video
     000061C5  cpct_waitVSYNC_asm                 cpct_video
     000061CD  _cpct_setVideoMode                 cpct_video
     000061DB  _cpct_px2byteM0                    cpct_sprites
     000061F7  _cpct_memset                       cpct_memutils
     00006205  _cpct_disableFirmware              cpct_firmware
     00006205  _cpct_removeInterruptHandler       cpct_firmware
     00006205  cpct_disableFirmware_asm           cpct_firmware
     00006205  cpct_removeInterruptHandler_asm    cpct_firmware
     00006215  _cpct_drawSolidBox                 cpct_sprites
     000062CD  _cpct_mode_rom_status              cpct_firmware
     000062CE  _cpct_getScreenPtr                 cpct_video
     000062EE  dc_mode0_ct                        cpct_strings
ASxxxx Linker V03.00 + NoICE + sdld,  page 4.
Hexadecimal  [32-Bits]

Area                                    Addr        Size        Decimal Bytes (Attributes)
--------------------------------        ----        ----        ------- ----- ------------
_DATA                               000062FE    000000AE =         174. bytes (REL,CON)

      Value  Global                              Global Defined In Module
      -----  --------------------------------   ------------------------
ASxxxx Linker V03.00 + NoICE + sdld,  page 5.
Hexadecimal  [32-Bits]

Area                                    Addr        Size        Decimal Bytes (Attributes)
--------------------------------        ----        ----        ------- ----- ------------
_INITIALIZED                        000063AC    00000007 =           7. bytes (REL,CON)

      Value  Global                              Global Defined In Module
      -----  --------------------------------   ------------------------
ASxxxx Linker V03.00 + NoICE + sdld,  page 6.
Hexadecimal  [32-Bits]

Area                                    Addr        Size        Decimal Bytes (Attributes)
--------------------------------        ----        ----        ------- ----- ------------
_INITIALIZER                        000063B3    00000007 =           7. bytes (REL,CON)

      Value  Global                              Global Defined In Module
      -----  --------------------------------   ------------------------
ASxxxx Linker V03.00 + NoICE + sdld,  page 7.

Files Linked                              [ module(s) ]

obj/game.rel                              [ game ]
obj/main.rel                              [ main ]
obj/systems/collision.rel                 [ collision ]
obj/systems/hud.rel                       [ hud ]
obj/systems/input.rel                     [ input ]
obj/systems/tilemap.rel                   [ tilemap ]
obj/data/level1.rel                       [ level1 ]
obj/data/tileset/base.rel                 [ base ]
obj/data/sprites/enemyboss.rel            [ enemyboss ]
obj/data/sprites/enemygargoyle.rel        [ enemygargoyle ]
obj/data/sprites/enemyharpy.rel           [ enemyharpy ]
obj/data/sprites/enemyskeleton.rel        [ enemyskeleton ]
obj/data/sprites/enemyzombie.rel          [ enemyzombie ]
obj/data/sprites/hud.rel                  [ hud ]
obj/data/sprites/playerknight.rel         [ playerknight ]
obj/data/sprites/projectiles.rel          [ projectiles ]
obj/data/assets/fontgothic.rel            [ fontgothic ]
obj/data/hud/healthbar.rel                [ healthbar ]
obj/entities/enemy.rel                    [ enemy ]
obj/entities/player.rel                   [ player ]
obj/entities/projectile.rel               [ projectile ]


Libraries Linked                          [ object file ]

/Users/rafagranados/Develop/charlas/48HSK/retrofactory/cpc-studio-v2_1-code/tools/cpctelera/cpctelera/tools/sdcc-3.6.8-r9946/bin/../share/sdcc/lib/z80/z80.lib
                                          [ divunsigned.rel ]
/Users/rafagranados/Develop/charlas/48HSK/retrofactory/cpc-studio-v2_1-code/tools/cpctelera/cpctelera/cpctelera.lib
                                          [ cpct_isKeyPressed.rel ]
/Users/rafagranados/Develop/charlas/48HSK/retrofactory/cpc-studio-v2_1-code/tools/cpctelera/cpctelera/cpctelera.lib
                                          [ cpct_scanKeyboard_f.rel ]
/Users/rafagranados/Develop/charlas/48HSK/retrofactory/cpc-studio-v2_1-code/tools/cpctelera/cpctelera/cpctelera.lib
                                          [ cpct_setPalette_cbindings.rel ]
/Users/rafagranados/Develop/charlas/48HSK/retrofactory/cpc-studio-v2_1-code/tools/cpctelera/cpctelera/cpctelera.lib
                                          [ cpct_setPALColour_cbindings.rel ]
/Users/rafagranados/Develop/charlas/48HSK/retrofactory/cpc-studio-v2_1-code/tools/cpctelera/cpctelera/cpctelera.lib
                                          [ cpct_drawSprite_cbindings.rel ]
/Users/rafagranados/Develop/charlas/48HSK/retrofactory/cpc-studio-v2_1-code/tools/cpctelera/cpctelera/tools/sdcc-3.6.8-r9946/bin/../share/sdcc/lib/z80/z80.lib
                                          [ modunsigned.rel ]
/Users/rafagranados/Develop/charlas/48HSK/retrofactory/cpc-studio-v2_1-code/tools/cpctelera/cpctelera/cpctelera.lib
                                          [ keyboard.rel ]
/Users/rafagranados/Develop/charlas/48HSK/retrofactory/cpc-studio-v2_1-code/tools/cpctelera/cpctelera/cpctelera.lib
                                          [ cpct_waitVSYNC.rel ]
/Users/rafagranados/Develop/charlas/48HSK/retrofactory/cpc-studio-v2_1-code/tools/cpctelera/cpctelera/cpctelera.lib
                                          [ cpct_setVideoMode_cbindings.rel ]
/Users/rafagranados/Develop/charlas/48HSK/retrofactory/cpc-studio-v2_1-code/tools/cpctelera/cpctelera/cpctelera.lib
                                          [ cpct_px2byteM0_cbindings.rel ]
/Users/rafagranados/Develop/charlas/48HSK/retrofactory/cpc-studio-v2_1-code/tools/cpctelera/cpctelera/cpctelera.lib
                                          [ cpct_memset_cbinding.rel ]
/Users/rafagranados/Develop/charlas/48HSK/retrofactory/cpc-studio-v2_1-code/tools/cpctelera/cpctelera/cpctelera.lib
                                          [ cpct_removeInterruptHandler.rel ]
/Users/rafagranados/Develop/charlas/48HSK/retrofactory/cpc-studio-v2_1-code/tools/cpctelera/cpctelera/cpctelera.lib
                                          [ cpct_drawSolidBox_cbindings.rel ]
/Users/rafagranados/Develop/charlas/48HSK/retrofactory/cpc-studio-v2_1-code/tools/cpctelera/cpctelera/cpctelera.lib
                                          [ cpc_mode_rom_status.rel ]
/Users/rafagranados/Develop/charlas/48HSK/retrofactory/cpc-studio-v2_1-code/tools/cpctelera/cpctelera/cpctelera.lib
                                          [ cpct_getScreenPtr_cbindings.rel ]
/Users/rafagranados/Develop/charlas/48HSK/retrofactory/cpc-studio-v2_1-code/tools/cpctelera/cpctelera/cpctelera.lib
                                          [ cpct_dc_mode0_ct.rel ]

ASxxxx Linker V03.00 + NoICE + sdld,  page 8.

User Base Address Definitions

_CODE = 0x4000
_DATA = 0x0000

