ASxxxx Linker V03.00 + NoICE + sdld,  page 1.
Hexadecimal  [32-Bits]

Area                                    Addr        Size        Decimal Bytes (Attributes)
--------------------------------        ----        ----        ------- ----- ------------
.  .ABS.                            00000000    00000000 =           0. bytes (ABS,CON)

      Value  Global                              Global Defined In Module
      -----  --------------------------------   ------------------------
     00000000  .__.ABS.                           cpct_strings
     00000000  l__CABS                         
     00000000  l__DABS                         
     00000000  l__GSFINAL                      
     00000000  l__GSINIT                       
     00000000  l__HOME                         
     00000000  s__CABS                         
     00000000  s__DABS                         
     00000007  l__INITIALIZED                  
     00000007  l__INITIALIZER                  
     000000AE  l__DATA                         
     00002706  l__CODE                         
     00004000  s__CODE                         
     00006706  s__DATA                         
     000067B4  s__INITIALIZED                  
     000067BB  s__GSFINAL                      
     000067BB  s__GSINIT                       
     000067BB  s__HOME                         
     000067BB  s__INITIALIZER                  

ASxxxx Linker V03.00 + NoICE + sdld,  page 2.
Hexadecimal  [32-Bits]

Area                                    Addr        Size        Decimal Bytes (Attributes)
--------------------------------        ----        ----        ------- ----- ------------
_CODE                               00004000    00002706 =        9990. bytes (REL,CON)

      Value  Global                              Global Defined In Module
      -----  --------------------------------   ------------------------
     000042B3  _game_init                         game
     00004383  _game_update                       game
     000049AB  _game_render                       game
     00004B5E  _cpc_entry_wrapper                 main
     00004B5E  cpc_run_address                    main
     00004B75  _main                              main
     00004B87  _collision_init                    collision
     00004BA9  _collision_is_on_ground            collision
     00004BC3  _collision_is_on_ground_at         collision
     00004C28  _collision_clamp_y_to_ground       collision
     00004C42  _collision_clamp_y_at              collision
     00004CD9  _collision_is_on_trap              collision
     00004CFE  _collision_is_on_ladder            collision
     00005130  _hudinit                           hud
     0000514B  _hudupdate                         hud
     0000517C  _hudrender                         hud
     0000523B  _input_update                      input
     0000528C  _input_is_left_pressed             input
     00005294  _input_is_right_pressed            input
     0000529C  _input_is_up_pressed               input
     000052A4  _input_is_down_pressed             input
     000052AC  _input_is_jump_pressed             input
     000052B4  _input_is_jump_just_pressed        input
     000052C6  _input_is_shoot_pressed            input
     000052CE  _input_is_shoot_just_pressed       input
     000052E0  _tilemap_init                      tilemap
     0000530C  _tilemap_render                    tilemap
     000053AD  _tilemap_ground_y                  tilemap
     000053B5  _tilemap_platform_y_at             tilemap
     000053E7  _tilemap_is_trap                   tilemap
     0000544B  _tilemap_is_ladder                 tilemap
     0000544E  _tilemap_is_hidden_zone            tilemap
     00005451  _tilemap_goal_x                    tilemap
     00005459  _level1tilemapwidth                level1
     0000545B  _level1tilemapheight               level1
     0000545D  _level1tilemap                     level1
     0000547B  _level1tileproperties              level1
     0000547D  _gpalette                          level1
     0000548D  _tilesetbase_data                  base
     000054CD  _tileset_decoration_data           tilesetdecoration
     0000550D  _tile_terrain                      tilesetterrain
     0000558D  _archer_idle                       archer
     000055D5  _harpy_fly                         harpy
     00005695  _spr_hound_data                    hound
     000056D5  _spr_player_data                   player
     00005715  _sprplayerknight_data              playerknight
     00005755  _spr_projectiles_data              projectiles
     00005795  _zombie_walk                       zombie
     000057F5  _hud_elements_data                 elements
     00005835  _hudhealthbar_data                 healthbar
ASxxxx Linker V03.00 + NoICE + sdld,  page 3.
Hexadecimal  [32-Bits]

Area                                    Addr        Size        Decimal Bytes (Attributes)
--------------------------------        ----        ----        ------- ----- ------------
_CODE                               00004000    00002706 =        9990. bytes (REL,CON)

      Value  Global                              Global Defined In Module
      -----  --------------------------------   ------------------------
     00005875  _enemyinit                         enemy
     00005A30  _enemyspawn                        enemy
     00005C08  _enemyupdate                       enemy
     00005E14  _enemyrender                       enemy
     00005EA6  _enemydamage                       enemy
     00005EE6  _playerinit                        player
     00005F6C  _playerupdate                      player
     000061B8  _playerrender                      player
     00006205  _player_get_health                 player
     0000621B  _player_get_weapon                 player
     00006231  _projectileinit                    projectile
     0000628E  _projectilefire                    projectile
     0000634C  _projectileupdate                  projectile
     000063AB  _projectilerender                  projectile
     0000642D  __divuint                          
     00006435  __divuchar                         
     0000643C  __divu8                            
     0000643F  __divu16                           
     0000646E  _cpct_isKeyPressed                 cpct_keyboard
     0000646E  cpct_isKeyPressed_asm              cpct_keyboard
     0000647A  _cpct_scanKeyboard_f               cpct_keyboard
     0000647A  cpct_scanKeyboard_f_asm            cpct_keyboard
     000064E4  _cpct_setPalette                   cpct_video
     000064FB  _cpct_setPALColour                 cpct_video
     00006507  _cpct_drawSprite                   cpct_sprites
     000065AC  __moduchar                         
     000065B8  __moduint                          
     000065C3  _cpct_keyboardStatusBuffer         cpct_keyboard
     000065CD  _cpct_waitVSYNC                    cpct_video
     000065CD  cpct_waitVSYNC_asm                 cpct_video
     000065D5  _cpct_setVideoMode                 cpct_video
     000065E3  _cpct_px2byteM0                    cpct_sprites
     000065FF  _cpct_memset                       cpct_memutils
     0000660D  _cpct_disableFirmware              cpct_firmware
     0000660D  _cpct_removeInterruptHandler       cpct_firmware
     0000660D  cpct_disableFirmware_asm           cpct_firmware
     0000660D  cpct_removeInterruptHandler_asm    cpct_firmware
     0000661D  _cpct_drawSolidBox                 cpct_sprites
     000066D5  _cpct_mode_rom_status              cpct_firmware
     000066D6  _cpct_getScreenPtr                 cpct_video
     000066F6  dc_mode0_ct                        cpct_strings

ASxxxx Linker V03.00 + NoICE + sdld,  page 4.
Hexadecimal  [32-Bits]

Area                                    Addr        Size        Decimal Bytes (Attributes)
--------------------------------        ----        ----        ------- ----- ------------
_DATA                               00006706    000000AE =         174. bytes (REL,CON)

      Value  Global                              Global Defined In Module
      -----  --------------------------------   ------------------------
ASxxxx Linker V03.00 + NoICE + sdld,  page 5.
Hexadecimal  [32-Bits]

Area                                    Addr        Size        Decimal Bytes (Attributes)
--------------------------------        ----        ----        ------- ----- ------------
_INITIALIZED                        000067B4    00000007 =           7. bytes (REL,CON)

      Value  Global                              Global Defined In Module
      -----  --------------------------------   ------------------------
ASxxxx Linker V03.00 + NoICE + sdld,  page 6.
Hexadecimal  [32-Bits]

Area                                    Addr        Size        Decimal Bytes (Attributes)
--------------------------------        ----        ----        ------- ----- ------------
_INITIALIZER                        000067BB    00000007 =           7. bytes (REL,CON)

      Value  Global                              Global Defined In Module
      -----  --------------------------------   ------------------------
ASxxxx Linker V03.00 + NoICE + sdld,  page 7.

Files Linked                              [ module(s) ]

obj/game.rel                              [ game ]
obj/main.rel                              [ main ]
obj/systems/collision.rel                 [ collision ]
obj/systems/hud.rel                       [ hud ]
obj/systems/input.rel                     [ input ]
obj/systems/tilemap.rel                   [ tilemap ]
obj/data/level1.rel                       [ level1 ]
obj/data/tileset/base.rel                 [ base ]
obj/data/tileset/tilesetdecoration.rel    [ tilesetdecoration ]
obj/data/tileset/tilesetterrain.rel       [ tilesetterrain ]
obj/data/sprites/archer.rel               [ archer ]
obj/data/sprites/harpy.rel                [ harpy ]
obj/data/sprites/hound.rel                [ hound ]
obj/data/sprites/player.rel               [ player ]
obj/data/sprites/playerknight.rel         [ playerknight ]
obj/data/sprites/projectiles.rel          [ projectiles ]
obj/data/sprites/zombie.rel               [ zombie ]
obj/data/hud/elements.rel                 [ elements ]
obj/data/hud/healthbar.rel                [ healthbar ]
obj/entities/enemy.rel                    [ enemy ]
obj/entities/player.rel                   [ player ]
obj/entities/projectile.rel               [ projectile ]


Libraries Linked                          [ object file ]

/Users/rafagranados/Develop/charlas/48HSK/retrofactory/cpc-studio-v2_1-code/tools/cpctelera/cpctelera/tools/sdcc-3.6.8-r9946/bin/../share/sdcc/lib/z80/z80.lib
                                          [ divunsigned.rel ]
/Users/rafagranados/Develop/charlas/48HSK/retrofactory/cpc-studio-v2_1-code/tools/cpctelera/cpctelera/cpctelera.lib
                                          [ cpct_isKeyPressed.rel ]
/Users/rafagranados/Develop/charlas/48HSK/retrofactory/cpc-studio-v2_1-code/tools/cpctelera/cpctelera/cpctelera.lib
                                          [ cpct_scanKeyboard_f.rel ]
/Users/rafagranados/Develop/charlas/48HSK/retrofactory/cpc-studio-v2_1-code/tools/cpctelera/cpctelera/cpctelera.lib
                                          [ cpct_setPalette_cbindings.rel ]
/Users/rafagranados/Develop/charlas/48HSK/retrofactory/cpc-studio-v2_1-code/tools/cpctelera/cpctelera/cpctelera.lib
                                          [ cpct_setPALColour_cbindings.rel ]
/Users/rafagranados/Develop/charlas/48HSK/retrofactory/cpc-studio-v2_1-code/tools/cpctelera/cpctelera/cpctelera.lib
                                          [ cpct_drawSprite_cbindings.rel ]
/Users/rafagranados/Develop/charlas/48HSK/retrofactory/cpc-studio-v2_1-code/tools/cpctelera/cpctelera/tools/sdcc-3.6.8-r9946/bin/../share/sdcc/lib/z80/z80.lib
                                          [ modunsigned.rel ]
/Users/rafagranados/Develop/charlas/48HSK/retrofactory/cpc-studio-v2_1-code/tools/cpctelera/cpctelera/cpctelera.lib
                                          [ keyboard.rel ]
/Users/rafagranados/Develop/charlas/48HSK/retrofactory/cpc-studio-v2_1-code/tools/cpctelera/cpctelera/cpctelera.lib
                                          [ cpct_waitVSYNC.rel ]
/Users/rafagranados/Develop/charlas/48HSK/retrofactory/cpc-studio-v2_1-code/tools/cpctelera/cpctelera/cpctelera.lib
                                          [ cpct_setVideoMode_cbindings.rel ]
/Users/rafagranados/Develop/charlas/48HSK/retrofactory/cpc-studio-v2_1-code/tools/cpctelera/cpctelera/cpctelera.lib
                                          [ cpct_px2byteM0_cbindings.rel ]
/Users/rafagranados/Develop/charlas/48HSK/retrofactory/cpc-studio-v2_1-code/tools/cpctelera/cpctelera/cpctelera.lib
                                          [ cpct_memset_cbinding.rel ]
/Users/rafagranados/Develop/charlas/48HSK/retrofactory/cpc-studio-v2_1-code/tools/cpctelera/cpctelera/cpctelera.lib
                                          [ cpct_removeInterruptHandler.rel ]
/Users/rafagranados/Develop/charlas/48HSK/retrofactory/cpc-studio-v2_1-code/tools/cpctelera/cpctelera/cpctelera.lib
                                          [ cpct_drawSolidBox_cbindings.rel ]
/Users/rafagranados/Develop/charlas/48HSK/retrofactory/cpc-studio-v2_1-code/tools/cpctelera/cpctelera/cpctelera.lib
                                          [ cpc_mode_rom_status.rel ]
/Users/rafagranados/Develop/charlas/48HSK/retrofactory/cpc-studio-v2_1-code/tools/cpctelera/cpctelera/cpctelera.lib
                                          [ cpct_getScreenPtr_cbindings.rel ]
/Users/rafagranados/Develop/charlas/48HSK/retrofactory/cpc-studio-v2_1-code/tools/cpctelera/cpctelera/cpctelera.lib
                                          [ cpct_dc_mode0_ct.rel ]

ASxxxx Linker V03.00 + NoICE + sdld,  page 8.

User Base Address Definitions

_CODE = 0x4000
_DATA = 0x0000

