ASxxxx Linker V03.00 + NoICE + sdld,  page 1.
Hexadecimal  [32-Bits]

Area                                    Addr        Size        Decimal Bytes (Attributes)
--------------------------------        ----        ----        ------- ----- ------------
.  .ABS.                            00000000    00000000 =           0. bytes (ABS,CON)

      Value  Global                              Global Defined In Module
      -----  --------------------------------   ------------------------
     00000000  .__.ABS.                           cpct_video
     00000000  l__CABS                         
     00000000  l__DABS                         
     00000000  l__GSFINAL                      
     00000000  l__GSINIT                       
     00000000  l__HOME                         
     00000000  s__CABS                         
     00000000  s__DABS                         
     0000001B  l__INITIALIZED                  
     0000001B  l__INITIALIZER                  
     000000AD  l__DATA                         
     00001EB8  l__CODE                         
     00004000  s__CODE                         
     00005EB8  s__DATA                         
     00005F65  s__INITIALIZED                  
     00005F80  s__GSFINAL                      
     00005F80  s__GSINIT                       
     00005F80  s__HOME                         
     00005F80  s__INITIALIZER                  

ASxxxx Linker V03.00 + NoICE + sdld,  page 2.
Hexadecimal  [32-Bits]

Area                                    Addr        Size        Decimal Bytes (Attributes)
--------------------------------        ----        ----        ------- ----- ------------
_CODE                               00004000    00001EB8 =        7864. bytes (REL,CON)

      Value  Global                              Global Defined In Module
      -----  --------------------------------   ------------------------
     000042B3  _game_init                         game
     00004383  _game_update                       game
     000049AB  _game_render                       game
     00004B0D  _main                              main
     00004B1B  _collision_init                    collision
     00004B3D  _collision_is_on_ground            collision
     00004B57  _collision_is_on_ground_at         collision
     00004BBC  _collision_clamp_y_to_ground       collision
     00004BD6  _collision_clamp_y_at              collision
     00004C6D  _collision_is_on_trap              collision
     00004C92  _collision_is_on_ladder            collision
     00004E21  _hudinit                           hud
     00004E3C  _hudupdate                         hud
     00004E6D  _hudrender                         hud
     00004F32  _input_update                      input
     00004F83  _input_is_left_pressed             input
     00004F8B  _input_is_right_pressed            input
     00004F93  _input_is_up_pressed               input
     00004F9B  _input_is_down_pressed             input
     00004FA3  _input_is_jump_pressed             input
     00004FAB  _input_is_jump_just_pressed        input
     00004FBD  _input_is_shoot_pressed            input
     00004FC5  _input_is_shoot_just_pressed       input
     00004FD7  _tilemap_init                      tilemap
     00005003  _tilemap_render                    tilemap
     00005084  _tilemap_ground_y                  tilemap
     0000508C  _tilemap_platform_y_at             tilemap
     000050BE  _tilemap_is_trap                   tilemap
     00005122  _tilemap_is_ladder                 tilemap
     00005125  _tilemap_is_hidden_zone            tilemap
     00005128  _tilemap_goal_x                    tilemap
     00005130  _level1tilemapwidth                level1
     00005132  _level1tilemapheight               level1
     00005134  _level1tilemap                     level1
     00005152  _level1tileproperties              level1
     00005154  _gpalette16                        level1
     00005164  _tilesetbase_data                  base
     00005165  _tileset_background_data           tilesetbackground
     00005166  _tileset_traps_data                tilesettraps
     00005167  _spr_flying_harpy_data             flyingharpy
     00005168  _spr_gargoyle_data                 gargoyle
     00005169  _spr_gargoyle_projectile_data      gargoyleprojectile
     0000516A  _sprplayerknight_data              playerknight
     0000516B  _spr_player_projectile_data        playerprojectile
     0000516C  _spr_skeletal_archer_data          skeletalarcher
     0000516D  _spr_skeletal_archer_projectile_   skeletalarcherprojectile
     0000516E  _spr_zombie_warrior_data           zombiewarrior
     0000516F  _hudhealthbar_data                 healthbar
     00005170  _hud_lives_icon_data               livesicon
     00005171  _hud_score_digits_data             scoredigits
ASxxxx Linker V03.00 + NoICE + sdld,  page 3.
Hexadecimal  [32-Bits]

Area                                    Addr        Size        Decimal Bytes (Attributes)
--------------------------------        ----        ----        ------- ----- ------------
_CODE                               00004000    00001EB8 =        7864. bytes (REL,CON)

      Value  Global                              Global Defined In Module
      -----  --------------------------------   ------------------------
     00005172  _enemyinit                         enemy
     000051B7  _enemyspawn                        enemy
     0000537F  _enemyupdate                       enemy
     0000558B  _enemyrender                       enemy
     00005605  _enemydamage                       enemy
     00005645  _playerinit                        player
     0000568C  _playerupdate                      player
     000059FA  _playerrender                      player
     00005A3F  _projectileinit                    projectile
     00005A84  _projectilefire                    projectile
     00005B3B  _projectileupdate                  projectile
     00005B9A  _projectilerender                  projectile
     00005C0B  __divuint                          
     00005C13  __divuchar                         
     00005C1A  __divu8                            
     00005C1D  __divu16                           
     00005C4C  _cpct_isKeyPressed                 cpct_keyboard
     00005C4C  cpct_isKeyPressed_asm              cpct_keyboard
     00005C58  _cpct_scanKeyboard_f               cpct_keyboard
     00005C58  cpct_scanKeyboard_f_asm            cpct_keyboard
     00005CC2  _cpct_setPalette                   cpct_video
     00005CD9  _cpct_setPALColour                 cpct_video
     00005CE5  _cpct_drawSprite                   cpct_sprites
     00005D8A  __moduchar                         
     00005D96  __moduint                          
     00005DA1  _cpct_keyboardStatusBuffer         cpct_keyboard
     00005DAB  _cpct_waitVSYNC                    cpct_video
     00005DAB  cpct_waitVSYNC_asm                 cpct_video
     00005DB3  _cpct_setVideoMode                 cpct_video
     00005DC1  _cpct_memset                       cpct_memutils
     00005DCF  _cpct_disableFirmware              cpct_firmware
     00005DCF  _cpct_removeInterruptHandler       cpct_firmware
     00005DCF  cpct_disableFirmware_asm           cpct_firmware
     00005DCF  cpct_removeInterruptHandler_asm    cpct_firmware
     00005DDF  _cpct_drawSolidBox                 cpct_sprites
     00005E97  _cpct_mode_rom_status              cpct_firmware
     00005E98  _cpct_getScreenPtr                 cpct_video
ASxxxx Linker V03.00 + NoICE + sdld,  page 4.
Hexadecimal  [32-Bits]

Area                                    Addr        Size        Decimal Bytes (Attributes)
--------------------------------        ----        ----        ------- ----- ------------
_DATA                               00005EB8    000000AD =         173. bytes (REL,CON)

      Value  Global                              Global Defined In Module
      -----  --------------------------------   ------------------------
ASxxxx Linker V03.00 + NoICE + sdld,  page 5.
Hexadecimal  [32-Bits]

Area                                    Addr        Size        Decimal Bytes (Attributes)
--------------------------------        ----        ----        ------- ----- ------------
_INITIALIZED                        00005F65    0000001B =          27. bytes (REL,CON)

      Value  Global                              Global Defined In Module
      -----  --------------------------------   ------------------------
ASxxxx Linker V03.00 + NoICE + sdld,  page 6.
Hexadecimal  [32-Bits]

Area                                    Addr        Size        Decimal Bytes (Attributes)
--------------------------------        ----        ----        ------- ----- ------------
_INITIALIZER                        00005F80    0000001B =          27. bytes (REL,CON)

      Value  Global                              Global Defined In Module
      -----  --------------------------------   ------------------------
ASxxxx Linker V03.00 + NoICE + sdld,  page 7.

Files Linked                              [ module(s) ]

obj/game.rel                              [ game ]
obj/main.rel                              [ main ]
obj/systems/collision.rel                 [ collision ]
obj/systems/hud.rel                       [ hud ]
obj/systems/input.rel                     [ input ]
obj/systems/tilemap.rel                   [ tilemap ]
obj/data/level1.rel                       [ level1 ]
obj/data/tileset/base.rel                 [ base ]
obj/data/tileset/tilesetbackground.rel    [ tilesetbackground ]
obj/data/tileset/tilesettraps.rel         [ tilesettraps ]
obj/data/sprites/flyingharpy.rel          [ flyingharpy ]
obj/data/sprites/gargoyle.rel             [ gargoyle ]
obj/data/sprites/gargoyleprojectile.rel   [ gargoyleprojectile ]
obj/data/sprites/playerknight.rel         [ playerknight ]
obj/data/sprites/playerprojectile.rel     [ playerprojectile ]
obj/data/sprites/skeletalarcher.rel       [ skeletalarcher ]
obj/data/sprites/skeletalarcherprojectile.rel
                                          [ skeletalarcherprojectile ]
obj/data/sprites/zombiewarrior.rel        [ zombiewarrior ]
obj/data/hud/healthbar.rel                [ healthbar ]
obj/data/hud/livesicon.rel                [ livesicon ]
obj/data/hud/scoredigits.rel              [ scoredigits ]
obj/entities/enemy.rel                    [ enemy ]
obj/entities/player.rel                   [ player ]
obj/entities/projectile.rel               [ projectile ]


Libraries Linked                          [ object file ]

/Users/rafagranados/Develop/charlas/48HSK/retrofactory/cpc-studio-v2_1-code/tools/cpctelera/cpctelera/tools/sdcc-3.6.8-r9946/bin/../share/sdcc/lib/z80/z80.lib
                                          [ divunsigned.rel ]
/Users/rafagranados/Develop/charlas/48HSK/retrofactory/cpc-studio-v2_1-code/tools/cpctelera/cpctelera/cpctelera.lib
                                          [ cpct_isKeyPressed.rel ]
/Users/rafagranados/Develop/charlas/48HSK/retrofactory/cpc-studio-v2_1-code/tools/cpctelera/cpctelera/cpctelera.lib
                                          [ cpct_scanKeyboard_f.rel ]
/Users/rafagranados/Develop/charlas/48HSK/retrofactory/cpc-studio-v2_1-code/tools/cpctelera/cpctelera/cpctelera.lib
                                          [ cpct_setPalette_cbindings.rel ]
/Users/rafagranados/Develop/charlas/48HSK/retrofactory/cpc-studio-v2_1-code/tools/cpctelera/cpctelera/cpctelera.lib
                                          [ cpct_setPALColour_cbindings.rel ]
/Users/rafagranados/Develop/charlas/48HSK/retrofactory/cpc-studio-v2_1-code/tools/cpctelera/cpctelera/cpctelera.lib
                                          [ cpct_drawSprite_cbindings.rel ]
/Users/rafagranados/Develop/charlas/48HSK/retrofactory/cpc-studio-v2_1-code/tools/cpctelera/cpctelera/tools/sdcc-3.6.8-r9946/bin/../share/sdcc/lib/z80/z80.lib
                                          [ modunsigned.rel ]
/Users/rafagranados/Develop/charlas/48HSK/retrofactory/cpc-studio-v2_1-code/tools/cpctelera/cpctelera/cpctelera.lib
                                          [ keyboard.rel ]
/Users/rafagranados/Develop/charlas/48HSK/retrofactory/cpc-studio-v2_1-code/tools/cpctelera/cpctelera/cpctelera.lib
                                          [ cpct_waitVSYNC.rel ]
/Users/rafagranados/Develop/charlas/48HSK/retrofactory/cpc-studio-v2_1-code/tools/cpctelera/cpctelera/cpctelera.lib
                                          [ cpct_setVideoMode_cbindings.rel ]
/Users/rafagranados/Develop/charlas/48HSK/retrofactory/cpc-studio-v2_1-code/tools/cpctelera/cpctelera/cpctelera.lib
                                          [ cpct_memset_cbinding.rel ]
/Users/rafagranados/Develop/charlas/48HSK/retrofactory/cpc-studio-v2_1-code/tools/cpctelera/cpctelera/cpctelera.lib
                                          [ cpct_removeInterruptHandler.rel ]
/Users/rafagranados/Develop/charlas/48HSK/retrofactory/cpc-studio-v2_1-code/tools/cpctelera/cpctelera/cpctelera.lib
                                          [ cpct_drawSolidBox_cbindings.rel ]
/Users/rafagranados/Develop/charlas/48HSK/retrofactory/cpc-studio-v2_1-code/tools/cpctelera/cpctelera/cpctelera.lib
                                          [ cpc_mode_rom_status.rel ]
/Users/rafagranados/Develop/charlas/48HSK/retrofactory/cpc-studio-v2_1-code/tools/cpctelera/cpctelera/cpctelera.lib
                                          [ cpct_getScreenPtr_cbindings.rel ]

ASxxxx Linker V03.00 + NoICE + sdld,  page 8.

User Base Address Definitions

_CODE = 0x4000
_DATA = 0x0000

