ASxxxx Linker V03.00 + NoICE + sdld,  page 1.
Hexadecimal  [32-Bits]

Area                                    Addr        Size        Decimal Bytes (Attributes)
--------------------------------        ----        ----        ------- ----- ------------
.  .ABS.                            00000000    00000000 =           0. bytes (ABS,CON)

      Value  Global                              Global Defined In Module
      -----  --------------------------------   ------------------------
     00000000  .__.ABS.                           cpct_video
     00000000  l__CABS                         
     00000000  l__DABS                         
     00000000  l__GSFINAL                      
     00000000  l__GSINIT                       
     00000000  l__HOME                         
     00000000  s__CABS                         
     00000000  s__DABS                         
     0000001B  l__INITIALIZED                  
     0000001B  l__INITIALIZER                  
     000000AB  l__DATA                         
     00001D94  l__CODE                         
     00004000  s__CODE                         
     00005D94  s__DATA                         
     00005E3F  s__INITIALIZED                  
     00005E5A  s__GSFINAL                      
     00005E5A  s__GSINIT                       
     00005E5A  s__HOME                         
     00005E5A  s__INITIALIZER                  

ASxxxx Linker V03.00 + NoICE + sdld,  page 2.
Hexadecimal  [32-Bits]

Area                                    Addr        Size        Decimal Bytes (Attributes)
--------------------------------        ----        ----        ------- ----- ------------
_CODE                               00004000    00001D94 =        7572. bytes (REL,CON)

      Value  Global                              Global Defined In Module
      -----  --------------------------------   ------------------------
     000042A6  _game_init                         game
     00004354  _game_update                       game
     000048E1  _game_render                       game
     00004A1A  _main                              main
     00004A28  _collision_init                    collision
     00004A4A  _collision_is_on_ground            collision
     00004A64  _collision_is_on_ground_at         collision
     00004AC9  _collision_clamp_y_to_ground       collision
     00004AE3  _collision_clamp_y_at              collision
     00004B7A  _collision_is_on_trap              collision
     00004B9F  _collision_is_on_ladder            collision
     00004D2E  _hudinit                           hud
     00004D49  _hudupdate                         hud
     00004D7A  _hudrender                         hud
     00004E41  _input_update                      input
     00004E92  _input_is_left_pressed             input
     00004E9A  _input_is_right_pressed            input
     00004EA2  _input_is_up_pressed               input
     00004EAA  _input_is_down_pressed             input
     00004EB2  _input_is_jump_pressed             input
     00004EBA  _input_is_jump_just_pressed        input
     00004ECC  _input_is_shoot_pressed            input
     00004ED4  _input_is_shoot_just_pressed       input
     00004EE6  _tilemap_init                      tilemap
     00004F12  _tilemap_render                    tilemap
     00004F93  _tilemap_ground_y                  tilemap
     00004F9B  _tilemap_platform_y_at             tilemap
     00004FCD  _tilemap_is_trap                   tilemap
     00005031  _tilemap_is_ladder                 tilemap
     00005034  _tilemap_is_hidden_zone            tilemap
     00005037  _tilemap_goal_x                    tilemap
     0000503F  _level1tilemapwidth                level1
     00005041  _level1tilemapheight               level1
     00005043  _level1tilemap                     level1
     00005061  _level1tileproperties              level1
     00005063  _gpalette16                        level1
     00005073  _tilesetbase_data                  base
     00005074  _tileset_background_data           tilesetbackground
     00005075  _tileset_foreground_data           tilesetforeground
     00005076  _sprites_enemies_data              itesenemies
     00005077  _sprites_player_data               itesplayer
     00005078  _sprites_projectiles_data          itesprojectiles
     00005079  _sprplayerknight_data              playerknight
     0000507A  _hud_elements_data                 elements
     0000507B  _hudhealthbar_data                 healthbar
     0000507C  _enemyinit                         enemy
     000050C1  _enemyspawn                        enemy
     00005293  _enemyupdate                       enemy
     0000548A  _enemyrender                       enemy
     00005504  _enemydamage                       enemy
ASxxxx Linker V03.00 + NoICE + sdld,  page 3.
Hexadecimal  [32-Bits]

Area                                    Addr        Size        Decimal Bytes (Attributes)
--------------------------------        ----        ----        ------- ----- ------------
_CODE                               00004000    00001D94 =        7572. bytes (REL,CON)

      Value  Global                              Global Defined In Module
      -----  --------------------------------   ------------------------
     00005544  _playerinit                        player
     0000558B  _playerupdate                      player
     000058F9  _playerrender                      player
     0000593E  _projectileinit                    projectile
     00005983  _projectilefire                    projectile
     00005A3A  _projectileupdate                  projectile
     00005A99  _projectilerender                  projectile
     00005B0A  __divuint                          
     00005B12  __divuchar                         
     00005B19  __divu8                            
     00005B1C  __divu16                           
     00005B4B  _cpct_isKeyPressed                 cpct_keyboard
     00005B4B  cpct_isKeyPressed_asm              cpct_keyboard
     00005B57  _cpct_scanKeyboard_f               cpct_keyboard
     00005B57  cpct_scanKeyboard_f_asm            cpct_keyboard
     00005BC1  _cpct_drawSprite                   cpct_sprites
     00005C66  __moduchar                         
     00005C72  __moduint                          
     00005C7D  _cpct_keyboardStatusBuffer         cpct_keyboard
     00005C87  _cpct_waitVSYNC                    cpct_video
     00005C87  cpct_waitVSYNC_asm                 cpct_video
     00005C8F  _cpct_setVideoMode                 cpct_video
     00005C9D  _cpct_memset                       cpct_memutils
     00005CAB  _cpct_disableFirmware              cpct_firmware
     00005CAB  _cpct_removeInterruptHandler       cpct_firmware
     00005CAB  cpct_disableFirmware_asm           cpct_firmware
     00005CAB  cpct_removeInterruptHandler_asm    cpct_firmware
     00005CBB  _cpct_drawSolidBox                 cpct_sprites
     00005D73  _cpct_mode_rom_status              cpct_firmware
     00005D74  _cpct_getScreenPtr                 cpct_video

ASxxxx Linker V03.00 + NoICE + sdld,  page 4.
Hexadecimal  [32-Bits]

Area                                    Addr        Size        Decimal Bytes (Attributes)
--------------------------------        ----        ----        ------- ----- ------------
_DATA                               00005D94    000000AB =         171. bytes (REL,CON)

      Value  Global                              Global Defined In Module
      -----  --------------------------------   ------------------------
ASxxxx Linker V03.00 + NoICE + sdld,  page 5.
Hexadecimal  [32-Bits]

Area                                    Addr        Size        Decimal Bytes (Attributes)
--------------------------------        ----        ----        ------- ----- ------------
_INITIALIZED                        00005E3F    0000001B =          27. bytes (REL,CON)

      Value  Global                              Global Defined In Module
      -----  --------------------------------   ------------------------
ASxxxx Linker V03.00 + NoICE + sdld,  page 6.
Hexadecimal  [32-Bits]

Area                                    Addr        Size        Decimal Bytes (Attributes)
--------------------------------        ----        ----        ------- ----- ------------
_INITIALIZER                        00005E5A    0000001B =          27. bytes (REL,CON)

      Value  Global                              Global Defined In Module
      -----  --------------------------------   ------------------------
ASxxxx Linker V03.00 + NoICE + sdld,  page 7.

Files Linked                              [ module(s) ]

obj/game.rel                              [ game ]
obj/main.rel                              [ main ]
obj/systems/collision.rel                 [ collision ]
obj/systems/hud.rel                       [ hud ]
obj/systems/input.rel                     [ input ]
obj/systems/tilemap.rel                   [ tilemap ]
obj/data/level1.rel                       [ level1 ]
obj/data/tileset/base.rel                 [ base ]
obj/data/tileset/tilesetbackground.rel    [ tilesetbackground ]
obj/data/tileset/tilesetforeground.rel    [ tilesetforeground ]
obj/data/sprites/itesenemies.rel          [ itesenemies ]
obj/data/sprites/itesplayer.rel           [ itesplayer ]
obj/data/sprites/itesprojectiles.rel      [ itesprojectiles ]
obj/data/sprites/playerknight.rel         [ playerknight ]
obj/data/hud/elements.rel                 [ elements ]
obj/data/hud/healthbar.rel                [ healthbar ]
obj/entities/enemy.rel                    [ enemy ]
obj/entities/player.rel                   [ player ]
obj/entities/projectile.rel               [ projectile ]


Libraries Linked                          [ object file ]

/Users/rafagranados/Develop/charlas/48HSK/retrofactory/cpc-studio-v2_1-code/tools/cpctelera/cpctelera/tools/sdcc-3.6.8-r9946/bin/../share/sdcc/lib/z80/z80.lib
                                          [ divunsigned.rel ]
/Users/rafagranados/Develop/charlas/48HSK/retrofactory/cpc-studio-v2_1-code/tools/cpctelera/cpctelera/cpctelera.lib
                                          [ cpct_isKeyPressed.rel ]
/Users/rafagranados/Develop/charlas/48HSK/retrofactory/cpc-studio-v2_1-code/tools/cpctelera/cpctelera/cpctelera.lib
                                          [ cpct_scanKeyboard_f.rel ]
/Users/rafagranados/Develop/charlas/48HSK/retrofactory/cpc-studio-v2_1-code/tools/cpctelera/cpctelera/cpctelera.lib
                                          [ cpct_drawSprite_cbindings.rel ]
/Users/rafagranados/Develop/charlas/48HSK/retrofactory/cpc-studio-v2_1-code/tools/cpctelera/cpctelera/tools/sdcc-3.6.8-r9946/bin/../share/sdcc/lib/z80/z80.lib
                                          [ modunsigned.rel ]
/Users/rafagranados/Develop/charlas/48HSK/retrofactory/cpc-studio-v2_1-code/tools/cpctelera/cpctelera/cpctelera.lib
                                          [ keyboard.rel ]
/Users/rafagranados/Develop/charlas/48HSK/retrofactory/cpc-studio-v2_1-code/tools/cpctelera/cpctelera/cpctelera.lib
                                          [ cpct_waitVSYNC.rel ]
/Users/rafagranados/Develop/charlas/48HSK/retrofactory/cpc-studio-v2_1-code/tools/cpctelera/cpctelera/cpctelera.lib
                                          [ cpct_setVideoMode_cbindings.rel ]
/Users/rafagranados/Develop/charlas/48HSK/retrofactory/cpc-studio-v2_1-code/tools/cpctelera/cpctelera/cpctelera.lib
                                          [ cpct_memset_cbinding.rel ]
/Users/rafagranados/Develop/charlas/48HSK/retrofactory/cpc-studio-v2_1-code/tools/cpctelera/cpctelera/cpctelera.lib
                                          [ cpct_removeInterruptHandler.rel ]
/Users/rafagranados/Develop/charlas/48HSK/retrofactory/cpc-studio-v2_1-code/tools/cpctelera/cpctelera/cpctelera.lib
                                          [ cpct_drawSolidBox_cbindings.rel ]
/Users/rafagranados/Develop/charlas/48HSK/retrofactory/cpc-studio-v2_1-code/tools/cpctelera/cpctelera/cpctelera.lib
                                          [ cpc_mode_rom_status.rel ]
/Users/rafagranados/Develop/charlas/48HSK/retrofactory/cpc-studio-v2_1-code/tools/cpctelera/cpctelera/cpctelera.lib
                                          [ cpct_getScreenPtr_cbindings.rel ]

ASxxxx Linker V03.00 + NoICE + sdld,  page 8.

User Base Address Definitions

_CODE = 0x4000
_DATA = 0x0000

