ASxxxx Linker V03.00 + NoICE + sdld,  page 1.
Hexadecimal  [32-Bits]

Area                                    Addr        Size        Decimal Bytes (Attributes)
--------------------------------        ----        ----        ------- ----- ------------
.  .ABS.                            00000000    00000000 =           0. bytes (ABS,CON)

      Value  Global                              Global Defined In Module
      -----  --------------------------------   ------------------------
     00000000  .__.ABS.                           cpct_strings
     00000000  l__CABS                         
     00000000  l__DABS                         
     00000000  l__GSFINAL                      
     00000000  l__GSINIT                       
     00000000  l__HOME                         
     00000000  s__CABS                         
     00000000  s__DABS                         
     00000007  l__INITIALIZED                  
     00000007  l__INITIALIZER                  
     000000AD  l__DATA                         
     00001E79  l__CODE                         
     00004000  s__CODE                         
     00005E79  s__DATA                         
     00005F26  s__INITIALIZED                  
     00005F2D  s__GSFINAL                      
     00005F2D  s__GSINIT                       
     00005F2D  s__HOME                         
     00005F2D  s__INITIALIZER                  

ASxxxx Linker V03.00 + NoICE + sdld,  page 2.
Hexadecimal  [32-Bits]

Area                                    Addr        Size        Decimal Bytes (Attributes)
--------------------------------        ----        ----        ------- ----- ------------
_CODE                               00004000    00001E79 =        7801. bytes (REL,CON)

      Value  Global                              Global Defined In Module
      -----  --------------------------------   ------------------------
     000042B3  _game_init                         game
     00004383  _game_update                       game
     000049A9  _game_render                       game
     00004B5C  _main                              main
     00004B6E  _collision_init                    collision
     00004B90  _collision_is_on_ground            collision
     00004BAA  _collision_is_on_ground_at         collision
     00004C0F  _collision_clamp_y_to_ground       collision
     00004C29  _collision_clamp_y_at              collision
     00004CC0  _collision_is_on_trap              collision
     00004CE5  _collision_is_on_ladder            collision
     00004E7A  _hudinit                           hud
     00004E95  _hudupdate                         hud
     00004EC6  _hudrender                         hud
     00004F85  _input_update                      input
     00004FD6  _input_is_left_pressed             input
     00004FDE  _input_is_right_pressed            input
     00004FE6  _input_is_up_pressed               input
     00004FEE  _input_is_down_pressed             input
     00004FF6  _input_is_jump_pressed             input
     00004FFE  _input_is_jump_just_pressed        input
     00005010  _input_is_shoot_pressed            input
     00005018  _input_is_shoot_just_pressed       input
     0000502A  _tilemap_init                      tilemap
     00005056  _tilemap_render                    tilemap
     000050F7  _tilemap_ground_y                  tilemap
     000050FF  _tilemap_platform_y_at             tilemap
     00005131  _tilemap_is_trap                   tilemap
     00005195  _tilemap_is_ladder                 tilemap
     00005198  _tilemap_is_hidden_zone            tilemap
     0000519B  _tilemap_goal_x                    tilemap
     000051A3  _level1tilemapwidth                level1
     000051A5  _level1tilemapheight               level1
     000051A7  _level1tilemap                     level1
     000051C5  _level1tileproperties              level1
     000051C7  _gpalette                          level1
     000051D7  _tilesetbase_data                  base
     000051D8  _tileset_background_data           tilesetbackground
     000051D9  _tileset_platforms_data            tilesetplatforms
     000051DA  _tileset_traps_data                tilesettraps
     000051DB  _sprites_archer_data               itesarcher
     000051DC  _sprites_boss_data                 itesboss
     000051DD  _sprites_harpy_data                itesharpy
     000051DE  _sprites_ogre_data                 itesogre
     000051DF  _sprites_player_data               itesplayer
     000051E0  _sprites_projectiles_data          itesprojectiles
     000051E1  _sprites_zombie_data               iteszombie
     000051E2  _sprplayerknight_data              playerknight
     000051E3  _hud_elements_data                 elements
     000051E4  _hudhealthbar_data                 healthbar
ASxxxx Linker V03.00 + NoICE + sdld,  page 3.
Hexadecimal  [32-Bits]

Area                                    Addr        Size        Decimal Bytes (Attributes)
--------------------------------        ----        ----        ------- ----- ------------
_CODE                               00004000    00001E79 =        7801. bytes (REL,CON)

      Value  Global                              Global Defined In Module
      -----  --------------------------------   ------------------------
     000051E5  _enemyinit                         enemy
     0000522A  _enemyspawn                        enemy
     00005402  _enemyupdate                       enemy
     00005607  _enemyrender                       enemy
     00005699  _enemydamage                       enemy
     000056D9  _playerinit                        player
     00005719  _playerupdate                      player
     00005965  _playerrender                      player
     000059BD  _projectileinit                    projectile
     00005A02  _projectilefire                    projectile
     00005AB9  _projectileupdate                  projectile
     00005B18  _projectilerender                  projectile
     00005BA0  __divuint                          
     00005BA8  __divuchar                         
     00005BAF  __divu8                            
     00005BB2  __divu16                           
     00005BE1  _cpct_isKeyPressed                 cpct_keyboard
     00005BE1  cpct_isKeyPressed_asm              cpct_keyboard
     00005BED  _cpct_scanKeyboard_f               cpct_keyboard
     00005BED  cpct_scanKeyboard_f_asm            cpct_keyboard
     00005C57  _cpct_setPalette                   cpct_video
     00005C6E  _cpct_setPALColour                 cpct_video
     00005C7A  _cpct_drawSprite                   cpct_sprites
     00005D1F  __moduchar                         
     00005D2B  __moduint                          
     00005D36  _cpct_keyboardStatusBuffer         cpct_keyboard
     00005D40  _cpct_waitVSYNC                    cpct_video
     00005D40  cpct_waitVSYNC_asm                 cpct_video
     00005D48  _cpct_setVideoMode                 cpct_video
     00005D56  _cpct_px2byteM0                    cpct_sprites
     00005D72  _cpct_memset                       cpct_memutils
     00005D80  _cpct_disableFirmware              cpct_firmware
     00005D80  _cpct_removeInterruptHandler       cpct_firmware
     00005D80  cpct_disableFirmware_asm           cpct_firmware
     00005D80  cpct_removeInterruptHandler_asm    cpct_firmware
     00005D90  _cpct_drawSolidBox                 cpct_sprites
     00005E48  _cpct_mode_rom_status              cpct_firmware
     00005E49  _cpct_getScreenPtr                 cpct_video
     00005E69  dc_mode0_ct                        cpct_strings

ASxxxx Linker V03.00 + NoICE + sdld,  page 4.
Hexadecimal  [32-Bits]

Area                                    Addr        Size        Decimal Bytes (Attributes)
--------------------------------        ----        ----        ------- ----- ------------
_DATA                               00005E79    000000AD =         173. bytes (REL,CON)

      Value  Global                              Global Defined In Module
      -----  --------------------------------   ------------------------
ASxxxx Linker V03.00 + NoICE + sdld,  page 5.
Hexadecimal  [32-Bits]

Area                                    Addr        Size        Decimal Bytes (Attributes)
--------------------------------        ----        ----        ------- ----- ------------
_INITIALIZED                        00005F26    00000007 =           7. bytes (REL,CON)

      Value  Global                              Global Defined In Module
      -----  --------------------------------   ------------------------
ASxxxx Linker V03.00 + NoICE + sdld,  page 6.
Hexadecimal  [32-Bits]

Area                                    Addr        Size        Decimal Bytes (Attributes)
--------------------------------        ----        ----        ------- ----- ------------
_INITIALIZER                        00005F2D    00000007 =           7. bytes (REL,CON)

      Value  Global                              Global Defined In Module
      -----  --------------------------------   ------------------------
ASxxxx Linker V03.00 + NoICE + sdld,  page 7.

Files Linked                              [ module(s) ]

obj/game.rel                              [ game ]
obj/main.rel                              [ main ]
obj/systems/collision.rel                 [ collision ]
obj/systems/hud.rel                       [ hud ]
obj/systems/input.rel                     [ input ]
obj/systems/tilemap.rel                   [ tilemap ]
obj/data/level1.rel                       [ level1 ]
obj/data/tileset/base.rel                 [ base ]
obj/data/tileset/tilesetbackground.rel    [ tilesetbackground ]
obj/data/tileset/tilesetplatforms.rel     [ tilesetplatforms ]
obj/data/tileset/tilesettraps.rel         [ tilesettraps ]
obj/data/sprites/itesarcher.rel           [ itesarcher ]
obj/data/sprites/itesboss.rel             [ itesboss ]
obj/data/sprites/itesharpy.rel            [ itesharpy ]
obj/data/sprites/itesogre.rel             [ itesogre ]
obj/data/sprites/itesplayer.rel           [ itesplayer ]
obj/data/sprites/itesprojectiles.rel      [ itesprojectiles ]
obj/data/sprites/iteszombie.rel           [ iteszombie ]
obj/data/sprites/playerknight.rel         [ playerknight ]
obj/data/hud/elements.rel                 [ elements ]
obj/data/hud/healthbar.rel                [ healthbar ]
obj/entities/enemy.rel                    [ enemy ]
obj/entities/player.rel                   [ player ]
obj/entities/projectile.rel               [ projectile ]


Libraries Linked                          [ object file ]

/Users/rafagranados/Develop/charlas/48HSK/retrofactory/cpc-studio-v2_1-code/tools/cpctelera/cpctelera/tools/sdcc-3.6.8-r9946/bin/../share/sdcc/lib/z80/z80.lib
                                          [ divunsigned.rel ]
/Users/rafagranados/Develop/charlas/48HSK/retrofactory/cpc-studio-v2_1-code/tools/cpctelera/cpctelera/cpctelera.lib
                                          [ cpct_isKeyPressed.rel ]
/Users/rafagranados/Develop/charlas/48HSK/retrofactory/cpc-studio-v2_1-code/tools/cpctelera/cpctelera/cpctelera.lib
                                          [ cpct_scanKeyboard_f.rel ]
/Users/rafagranados/Develop/charlas/48HSK/retrofactory/cpc-studio-v2_1-code/tools/cpctelera/cpctelera/cpctelera.lib
                                          [ cpct_setPalette_cbindings.rel ]
/Users/rafagranados/Develop/charlas/48HSK/retrofactory/cpc-studio-v2_1-code/tools/cpctelera/cpctelera/cpctelera.lib
                                          [ cpct_setPALColour_cbindings.rel ]
/Users/rafagranados/Develop/charlas/48HSK/retrofactory/cpc-studio-v2_1-code/tools/cpctelera/cpctelera/cpctelera.lib
                                          [ cpct_drawSprite_cbindings.rel ]
/Users/rafagranados/Develop/charlas/48HSK/retrofactory/cpc-studio-v2_1-code/tools/cpctelera/cpctelera/tools/sdcc-3.6.8-r9946/bin/../share/sdcc/lib/z80/z80.lib
                                          [ modunsigned.rel ]
/Users/rafagranados/Develop/charlas/48HSK/retrofactory/cpc-studio-v2_1-code/tools/cpctelera/cpctelera/cpctelera.lib
                                          [ keyboard.rel ]
/Users/rafagranados/Develop/charlas/48HSK/retrofactory/cpc-studio-v2_1-code/tools/cpctelera/cpctelera/cpctelera.lib
                                          [ cpct_waitVSYNC.rel ]
/Users/rafagranados/Develop/charlas/48HSK/retrofactory/cpc-studio-v2_1-code/tools/cpctelera/cpctelera/cpctelera.lib
                                          [ cpct_setVideoMode_cbindings.rel ]
/Users/rafagranados/Develop/charlas/48HSK/retrofactory/cpc-studio-v2_1-code/tools/cpctelera/cpctelera/cpctelera.lib
                                          [ cpct_px2byteM0_cbindings.rel ]
/Users/rafagranados/Develop/charlas/48HSK/retrofactory/cpc-studio-v2_1-code/tools/cpctelera/cpctelera/cpctelera.lib
                                          [ cpct_memset_cbinding.rel ]
/Users/rafagranados/Develop/charlas/48HSK/retrofactory/cpc-studio-v2_1-code/tools/cpctelera/cpctelera/cpctelera.lib
                                          [ cpct_removeInterruptHandler.rel ]
/Users/rafagranados/Develop/charlas/48HSK/retrofactory/cpc-studio-v2_1-code/tools/cpctelera/cpctelera/cpctelera.lib
                                          [ cpct_drawSolidBox_cbindings.rel ]
/Users/rafagranados/Develop/charlas/48HSK/retrofactory/cpc-studio-v2_1-code/tools/cpctelera/cpctelera/cpctelera.lib
                                          [ cpc_mode_rom_status.rel ]
/Users/rafagranados/Develop/charlas/48HSK/retrofactory/cpc-studio-v2_1-code/tools/cpctelera/cpctelera/cpctelera.lib
                                          [ cpct_getScreenPtr_cbindings.rel ]
/Users/rafagranados/Develop/charlas/48HSK/retrofactory/cpc-studio-v2_1-code/tools/cpctelera/cpctelera/cpctelera.lib
                                          [ cpct_dc_mode0_ct.rel ]

ASxxxx Linker V03.00 + NoICE + sdld,  page 8.

User Base Address Definitions

_CODE = 0x4000
_DATA = 0x0000

