ASxxxx Linker V03.00 + NoICE + sdld,  page 1.
Hexadecimal  [32-Bits]

Area                                    Addr        Size        Decimal Bytes (Attributes)
--------------------------------        ----        ----        ------- ----- ------------
.  .ABS.                            00000000    00000000 =           0. bytes (ABS,CON)

      Value  Global                              Global Defined In Module
      -----  --------------------------------   ------------------------
     00000000  .__.ABS.                           cpct_video
     00000000  l__CABS                         
     00000000  l__DABS                         
     00000000  l__GSFINAL                      
     00000000  l__GSINIT                       
     00000000  l__HOME                         
     00000000  l__INITIALIZED                  
     00000000  l__INITIALIZER                  
     00000000  s__CABS                         
     00000000  s__DABS                         
     00000002  l__DATA                         
     0000023D  l__CODE                         
     00004000  s__CODE                         
     0000423D  s__DATA                         
     0000423F  s__GSFINAL                      
     0000423F  s__GSINIT                       
     0000423F  s__HOME                         
     0000423F  s__INITIALIZED                  
     0000423F  s__INITIALIZER                  

ASxxxx Linker V03.00 + NoICE + sdld,  page 2.
Hexadecimal  [32-Bits]

Area                                    Addr        Size        Decimal Bytes (Attributes)
--------------------------------        ----        ----        ------- ----- ------------
_CODE                               00004000    0000023D =         573. bytes (REL,CON)

      Value  Global                              Global Defined In Module
      -----  --------------------------------   ------------------------
     00004000  _main                              main
     0000400E  _game_init                         scene_game
     00004027  _game_update                       scene_game
     0000402D  _game_render                       scene_game
     00004030  _input_update                      input
     00004033  _player_init                       player
     0000403E  _player_update                     player
     00004072  _player_render                     player
     000040B0  _cpct_isKeyPressed                 cpct_keyboard
     000040B0  cpct_isKeyPressed_asm              cpct_keyboard
     000040BC  _cpct_scanKeyboard_f               cpct_keyboard
     000040BC  cpct_scanKeyboard_f_asm            cpct_keyboard
     00004126  _cpct_keyboardStatusBuffer         cpct_keyboard
     00004130  _cpct_setVideoMode                 cpct_video
     0000413E  _cpct_waitVSYNC                    cpct_video
     0000413E  cpct_waitVSYNC_asm                 cpct_video
     00004146  _cpct_memset                       cpct_memutils
     00004154  _cpct_disableFirmware              cpct_firmware
     00004154  _cpct_removeInterruptHandler       cpct_firmware
     00004154  cpct_disableFirmware_asm           cpct_firmware
     00004154  cpct_removeInterruptHandler_asm    cpct_firmware
     00004164  _cpct_drawSolidBox                 cpct_sprites
     0000421C  _cpct_mode_rom_status              cpct_firmware
     0000421D  _cpct_getScreenPtr                 cpct_video
ASxxxx Linker V03.00 + NoICE + sdld,  page 3.
Hexadecimal  [32-Bits]

Area                                    Addr        Size        Decimal Bytes (Attributes)
--------------------------------        ----        ----        ------- ----- ------------
_DATA                               0000423D    00000002 =           2. bytes (REL,CON)

      Value  Global                              Global Defined In Module
      -----  --------------------------------   ------------------------
ASxxxx Linker V03.00 + NoICE + sdld,  page 4.

Files Linked                              [ module(s) ]

obj/main.rel                              [ main ]
obj/scene_game.rel                        [ scene_game ]
obj/systems/input.rel                     [ input ]
obj/entities/player.rel                   [ player ]


Libraries Linked                          [ object file ]

/Users/rafagranados/Develop/charlas/48HSK/retrofactory/cpc-studio-v2_1-code/tools/cpctelera/cpctelera/cpctelera.lib
                                          [ cpct_isKeyPressed.rel ]
/Users/rafagranados/Develop/charlas/48HSK/retrofactory/cpc-studio-v2_1-code/tools/cpctelera/cpctelera/cpctelera.lib
                                          [ cpct_scanKeyboard_f.rel ]
/Users/rafagranados/Develop/charlas/48HSK/retrofactory/cpc-studio-v2_1-code/tools/cpctelera/cpctelera/cpctelera.lib
                                          [ keyboard.rel ]
/Users/rafagranados/Develop/charlas/48HSK/retrofactory/cpc-studio-v2_1-code/tools/cpctelera/cpctelera/cpctelera.lib
                                          [ cpct_setVideoMode_cbindings.rel ]
/Users/rafagranados/Develop/charlas/48HSK/retrofactory/cpc-studio-v2_1-code/tools/cpctelera/cpctelera/cpctelera.lib
                                          [ cpct_waitVSYNC.rel ]
/Users/rafagranados/Develop/charlas/48HSK/retrofactory/cpc-studio-v2_1-code/tools/cpctelera/cpctelera/cpctelera.lib
                                          [ cpct_memset_cbinding.rel ]
/Users/rafagranados/Develop/charlas/48HSK/retrofactory/cpc-studio-v2_1-code/tools/cpctelera/cpctelera/cpctelera.lib
                                          [ cpct_removeInterruptHandler.rel ]
/Users/rafagranados/Develop/charlas/48HSK/retrofactory/cpc-studio-v2_1-code/tools/cpctelera/cpctelera/cpctelera.lib
                                          [ cpct_drawSolidBox_cbindings.rel ]
/Users/rafagranados/Develop/charlas/48HSK/retrofactory/cpc-studio-v2_1-code/tools/cpctelera/cpctelera/cpctelera.lib
                                          [ cpc_mode_rom_status.rel ]
/Users/rafagranados/Develop/charlas/48HSK/retrofactory/cpc-studio-v2_1-code/tools/cpctelera/cpctelera/cpctelera.lib
                                          [ cpct_getScreenPtr_cbindings.rel ]

ASxxxx Linker V03.00 + NoICE + sdld,  page 5.

User Base Address Definitions

_CODE = 0x4000
_DATA = 0x0000

