ASxxxx Linker V03.00 + NoICE + sdld,  page 1.
Hexadecimal  [32-Bits]

Area                                    Addr        Size        Decimal Bytes (Attributes)
--------------------------------        ----        ----        ------- ----- ------------
.  .ABS.                            00000000    00000000 =           0. bytes (ABS,CON)

      Value  Global                              Global Defined In Module
      -----  --------------------------------   ------------------------
     00000000  .__.ABS.                           cpct_video
     00000000  l__CABS                         
     00000000  l__DABS                         
     00000000  l__GSFINAL                      
     00000000  l__GSINIT                       
     00000000  l__HOME                         
     00000000  s__CABS                         
     00000000  s__DABS                         
     0000000E  l__DATA                         
     00000017  l__INITIALIZED                  
     00000017  l__INITIALIZER                  
     000009CC  l__CODE                         
     00004000  s__CODE                         
     000049CC  s__DATA                         
     000049DA  s__INITIALIZED                  
     000049F1  s__GSFINAL                      
     000049F1  s__GSINIT                       
     000049F1  s__HOME                         
     000049F1  s__INITIALIZER                  

ASxxxx Linker V03.00 + NoICE + sdld,  page 2.
Hexadecimal  [32-Bits]

Area                                    Addr        Size        Decimal Bytes (Attributes)
--------------------------------        ----        ----        ------- ----- ------------
_CODE                               00004000    000009CC =        2508. bytes (REL,CON)

      Value  Global                              Global Defined In Module
      -----  --------------------------------   ------------------------
     00004000  _game_init                         game
     00004024  _game_update                       game
     00004030  _game_render                       game
     00004049  _main                              main
     00004057  _collision_init                    collision
     00004066  _collision_is_on_ground            collision
     0000408C  _collision_clamp_y_to_ground       collision
     00004229  _hudinit                           hud
     0000423F  _hudupdate                         hud
     00004268  _hudrender                         hud
     00004302  _input_update                      input
     0000432D  _input_is_left_pressed             input
     00004335  _input_is_right_pressed            input
     0000433D  _input_is_jump_pressed             input
     00004345  _tilemap_init                      tilemap
     00004362  _tilemap_render                    tilemap
     00004381  _tilemap_ground_y                  tilemap
     00004389  _level1tilemapwidth                level1
     0000438B  _level1tilemapheight               level1
     0000438D  _level1tilemap                     level1
     000043AB  _level1tileproperties              level1
     000043AD  _gpalette16                        level1
     000043BD  _tilesetbase_data                  base
     000043BE  _tileset_background_data           tilesetbackground
     000043BF  _tileset_platforms_data            tilesetplatforms
     000043C0  _undead_soldier_walk               itesenemies
     000043D0  _undead_soldier_death              itesenemies
     000043E8  _flying_harpy_fly                  itesenemies
     000043FA  _sprites_player_data               itesplayer
     000043FB  _lance_projectile                  itesprojectiles
     000043FF  _fireball                          itesprojectiles
     0000440F  _magic_bolt                        itesprojectiles
     00004413  _sprplayerknight_data              playerknight
     00004414  _hud_elements_data                 elements
     00004415  _hudhealthbar_data                 healthbar
     00004416  _enemyinit                         enemy
     00004449  _enemyupdate                       enemy
     00004481  _enemyrender                       enemy
     000044D0  _playerinit                        player
     00004501  _playerupdate                      player
     00004643  _playerrender                      player
     00004688  _projectileinit                    projectile
     000046BB  _projectileupdate                  projectile
     000046F3  _projectilerender                  projectile
     00004742  __divuint                          
     0000474A  __divuchar                         
     00004751  __divu8                            
     00004754  __divu16                           
     00004783  _cpct_isKeyPressed                 cpct_keyboard
     00004783  cpct_isKeyPressed_asm              cpct_keyboard
ASxxxx Linker V03.00 + NoICE + sdld,  page 3.
Hexadecimal  [32-Bits]

Area                                    Addr        Size        Decimal Bytes (Attributes)
--------------------------------        ----        ----        ------- ----- ------------
_CODE                               00004000    000009CC =        2508. bytes (REL,CON)

      Value  Global                              Global Defined In Module
      -----  --------------------------------   ------------------------
     0000478F  _cpct_scanKeyboard_f               cpct_keyboard
     0000478F  cpct_scanKeyboard_f_asm            cpct_keyboard
     000047F9  _cpct_drawSprite                   cpct_sprites
     0000489E  __moduchar                         
     000048AA  __moduint                          
     000048B5  _cpct_keyboardStatusBuffer         cpct_keyboard
     000048BF  _cpct_waitVSYNC                    cpct_video
     000048BF  cpct_waitVSYNC_asm                 cpct_video
     000048C7  _cpct_setVideoMode                 cpct_video
     000048D5  _cpct_memset                       cpct_memutils
     000048E3  _cpct_disableFirmware              cpct_firmware
     000048E3  _cpct_removeInterruptHandler       cpct_firmware
     000048E3  cpct_disableFirmware_asm           cpct_firmware
     000048E3  cpct_removeInterruptHandler_asm    cpct_firmware
     000048F3  _cpct_drawSolidBox                 cpct_sprites
     000049AB  _cpct_mode_rom_status              cpct_firmware
     000049AC  _cpct_getScreenPtr                 cpct_video

ASxxxx Linker V03.00 + NoICE + sdld,  page 4.
Hexadecimal  [32-Bits]

Area                                    Addr        Size        Decimal Bytes (Attributes)
--------------------------------        ----        ----        ------- ----- ------------
_DATA                               000049CC    0000000E =          14. bytes (REL,CON)

      Value  Global                              Global Defined In Module
      -----  --------------------------------   ------------------------
ASxxxx Linker V03.00 + NoICE + sdld,  page 5.
Hexadecimal  [32-Bits]

Area                                    Addr        Size        Decimal Bytes (Attributes)
--------------------------------        ----        ----        ------- ----- ------------
_INITIALIZED                        000049DA    00000017 =          23. bytes (REL,CON)

      Value  Global                              Global Defined In Module
      -----  --------------------------------   ------------------------
ASxxxx Linker V03.00 + NoICE + sdld,  page 6.
Hexadecimal  [32-Bits]

Area                                    Addr        Size        Decimal Bytes (Attributes)
--------------------------------        ----        ----        ------- ----- ------------
_INITIALIZER                        000049F1    00000017 =          23. bytes (REL,CON)

      Value  Global                              Global Defined In Module
      -----  --------------------------------   ------------------------
ASxxxx Linker V03.00 + NoICE + sdld,  page 7.

Files Linked                              [ module(s) ]

obj/game.rel                              [ game ]
obj/main.rel                              [ main ]
obj/systems/collision.rel                 [ collision ]
obj/systems/hud.rel                       [ hud ]
obj/systems/input.rel                     [ input ]
obj/systems/tilemap.rel                   [ tilemap ]
obj/data/level1.rel                       [ level1 ]
obj/data/tileset/base.rel                 [ base ]
obj/data/tileset/tilesetbackground.rel    [ tilesetbackground ]
obj/data/tileset/tilesetplatforms.rel     [ tilesetplatforms ]
obj/data/sprites/itesenemies.rel          [ itesenemies ]
obj/data/sprites/itesplayer.rel           [ itesplayer ]
obj/data/sprites/itesprojectiles.rel      [ itesprojectiles ]
obj/data/sprites/playerknight.rel         [ playerknight ]
obj/data/hud/elements.rel                 [ elements ]
obj/data/hud/healthbar.rel                [ healthbar ]
obj/entities/enemy.rel                    [ enemy ]
obj/entities/player.rel                   [ player ]
obj/entities/projectile.rel               [ projectile ]


Libraries Linked                          [ object file ]

/Users/rafagranados/Develop/charlas/48HSK/retrofactory/cpc-studio-v2_1-code/tools/cpctelera/cpctelera/tools/sdcc-3.6.8-r9946/bin/../share/sdcc/lib/z80/z80.lib
                                          [ divunsigned.rel ]
/Users/rafagranados/Develop/charlas/48HSK/retrofactory/cpc-studio-v2_1-code/tools/cpctelera/cpctelera/cpctelera.lib
                                          [ cpct_isKeyPressed.rel ]
/Users/rafagranados/Develop/charlas/48HSK/retrofactory/cpc-studio-v2_1-code/tools/cpctelera/cpctelera/cpctelera.lib
                                          [ cpct_scanKeyboard_f.rel ]
/Users/rafagranados/Develop/charlas/48HSK/retrofactory/cpc-studio-v2_1-code/tools/cpctelera/cpctelera/cpctelera.lib
                                          [ cpct_drawSprite_cbindings.rel ]
/Users/rafagranados/Develop/charlas/48HSK/retrofactory/cpc-studio-v2_1-code/tools/cpctelera/cpctelera/tools/sdcc-3.6.8-r9946/bin/../share/sdcc/lib/z80/z80.lib
                                          [ modunsigned.rel ]
/Users/rafagranados/Develop/charlas/48HSK/retrofactory/cpc-studio-v2_1-code/tools/cpctelera/cpctelera/cpctelera.lib
                                          [ keyboard.rel ]
/Users/rafagranados/Develop/charlas/48HSK/retrofactory/cpc-studio-v2_1-code/tools/cpctelera/cpctelera/cpctelera.lib
                                          [ cpct_waitVSYNC.rel ]
/Users/rafagranados/Develop/charlas/48HSK/retrofactory/cpc-studio-v2_1-code/tools/cpctelera/cpctelera/cpctelera.lib
                                          [ cpct_setVideoMode_cbindings.rel ]
/Users/rafagranados/Develop/charlas/48HSK/retrofactory/cpc-studio-v2_1-code/tools/cpctelera/cpctelera/cpctelera.lib
                                          [ cpct_memset_cbinding.rel ]
/Users/rafagranados/Develop/charlas/48HSK/retrofactory/cpc-studio-v2_1-code/tools/cpctelera/cpctelera/cpctelera.lib
                                          [ cpct_removeInterruptHandler.rel ]
/Users/rafagranados/Develop/charlas/48HSK/retrofactory/cpc-studio-v2_1-code/tools/cpctelera/cpctelera/cpctelera.lib
                                          [ cpct_drawSolidBox_cbindings.rel ]
/Users/rafagranados/Develop/charlas/48HSK/retrofactory/cpc-studio-v2_1-code/tools/cpctelera/cpctelera/cpctelera.lib
                                          [ cpc_mode_rom_status.rel ]
/Users/rafagranados/Develop/charlas/48HSK/retrofactory/cpc-studio-v2_1-code/tools/cpctelera/cpctelera/cpctelera.lib
                                          [ cpct_getScreenPtr_cbindings.rel ]

ASxxxx Linker V03.00 + NoICE + sdld,  page 8.

User Base Address Definitions

_CODE = 0x4000
_DATA = 0x0000

