ASxxxx Linker V03.00 + NoICE + sdld,  page 1.
Hexadecimal  [32-Bits]

Area                                    Addr        Size        Decimal Bytes (Attributes)
--------------------------------        ----        ----        ------- ----- ------------
.  .ABS.                            00000000    00000000 =           0. bytes (ABS,CON)

      Value  Global                              Global Defined In Module
      -----  --------------------------------   ------------------------
     00000000  .__.ABS.                           cpct_strings
     00000000  l__CABS                         
     00000000  l__DABS                         
     00000000  l__GSFINAL                      
     00000000  l__GSINIT                       
     00000000  l__HOME                         
     00000000  s__CABS                         
     00000000  s__DABS                         
     00000007  l__INITIALIZED                  
     00000007  l__INITIALIZER                  
     000000AE  l__DATA                         
     00002469  l__CODE                         
     00004000  s__CODE                         
     00006469  s__DATA                         
     00006517  s__INITIALIZED                  
     0000651E  s__GSFINAL                      
     0000651E  s__GSINIT                       
     0000651E  s__HOME                         
     0000651E  s__INITIALIZER                  

ASxxxx Linker V03.00 + NoICE + sdld,  page 2.
Hexadecimal  [32-Bits]

Area                                    Addr        Size        Decimal Bytes (Attributes)
--------------------------------        ----        ----        ------- ----- ------------
_CODE                               00004000    00002469 =        9321. bytes (REL,CON)

      Value  Global                              Global Defined In Module
      -----  --------------------------------   ------------------------
     000042B3  _game_init                         game
     00004383  _game_update                       game
     000049AB  _game_render                       game
     00004CA3  _cpc_entry_wrapper                 main
     00004CA3  cpc_run_address                    main
     00004CBA  _main                              main
     00004CCC  _collision_init                    collision
     00004CEE  _collision_is_on_ground            collision
     00004D08  _collision_is_on_ground_at         collision
     00004D6D  _collision_clamp_y_to_ground       collision
     00004D87  _collision_clamp_y_at              collision
     00004E1E  _collision_is_on_trap              collision
     00004E43  _collision_is_on_ladder            collision
     000050D1  _hudinit                           hud
     000050EC  _hudupdate                         hud
     0000511D  _hudrender                         hud
     000051DC  _input_update                      input
     0000529B  _input_is_left_pressed             input
     000052A3  _input_is_right_pressed            input
     000052AB  _input_is_up_pressed               input
     000052B3  _input_is_down_pressed             input
     000052BB  _input_is_jump_pressed             input
     000052C3  _input_is_jump_just_pressed        input
     000052D5  _input_is_shoot_pressed            input
     000052DD  _input_is_shoot_just_pressed       input
     000052EF  _tilemap_init                      tilemap
     0000531B  _tilemap_render                    tilemap
     000053BC  _tilemap_ground_y                  tilemap
     000053C4  _tilemap_platform_y_at             tilemap
     000053F6  _tilemap_is_trap                   tilemap
     0000545A  _tilemap_is_ladder                 tilemap
     0000545D  _tilemap_is_hidden_zone            tilemap
     00005460  _tilemap_goal_x                    tilemap
     00005468  _level1tilemapwidth                level1
     0000546A  _level1tilemapheight               level1
     0000546C  _level1tilemap                     level1
     0000548A  _level1tileproperties              level1
     0000548C  _gpalette                          level1
     0000549C  _tilesetbase_data                  base
     000054BC  _tileset_props_data                tilesetprops
     000054DC  _tileset_terrain_data              tilesetterrain
     000054FC  _sprites_enemies_data              itesenemies
     0000551C  _sprites_player_data               itesplayer
     0000555C  _sprites_projectiles_data          itesprojectiles
     0000557C  _sprplayerknight_data              playerknight
     000055BC  _font_runes_data                   fontrunes
     000055DC  _hud_elements_data                 elements
     000055FC  _hudhealthbar_data                 healthbar
     0000561C  _enemyinit                         enemy
     000057D7  _enemyspawn                        enemy
ASxxxx Linker V03.00 + NoICE + sdld,  page 3.
Hexadecimal  [32-Bits]

Area                                    Addr        Size        Decimal Bytes (Attributes)
--------------------------------        ----        ----        ------- ----- ------------
_CODE                               00004000    00002469 =        9321. bytes (REL,CON)

      Value  Global                              Global Defined In Module
      -----  --------------------------------   ------------------------
     000059AF  _enemyupdate                       enemy
     00005BBB  _enemyrender                       enemy
     00005C4D  _enemydamage                       enemy
     00005C8D  _playerinit                        player
     00005CD3  _playerupdate                      player
     00005F1F  _playerrender                      player
     00005F6C  _player_get_ammo                   player
     00005F6F  _player_get_health                 player
     00005F85  _player_get_weapon                 player
     00005F9B  _projectileinit                    projectile
     00005FF8  _projectilefire                    projectile
     000060AF  _projectileupdate                  projectile
     0000610E  _projectilerender                  projectile
     00006190  __divuint                          
     00006198  __divuchar                         
     0000619F  __divu8                            
     000061A2  __divu16                           
     000061D1  _cpct_isKeyPressed                 cpct_keyboard
     000061D1  cpct_isKeyPressed_asm              cpct_keyboard
     000061DD  _cpct_scanKeyboard_f               cpct_keyboard
     000061DD  cpct_scanKeyboard_f_asm            cpct_keyboard
     00006247  _cpct_setPalette                   cpct_video
     0000625E  _cpct_setPALColour                 cpct_video
     0000626A  _cpct_drawSprite                   cpct_sprites
     0000630F  __moduchar                         
     0000631B  __moduint                          
     00006326  _cpct_keyboardStatusBuffer         cpct_keyboard
     00006330  _cpct_waitVSYNC                    cpct_video
     00006330  cpct_waitVSYNC_asm                 cpct_video
     00006338  _cpct_setVideoMode                 cpct_video
     00006346  _cpct_px2byteM0                    cpct_sprites
     00006362  _cpct_memset                       cpct_memutils
     00006370  _cpct_disableFirmware              cpct_firmware
     00006370  _cpct_removeInterruptHandler       cpct_firmware
     00006370  cpct_disableFirmware_asm           cpct_firmware
     00006370  cpct_removeInterruptHandler_asm    cpct_firmware
     00006380  _cpct_drawSolidBox                 cpct_sprites
     00006438  _cpct_mode_rom_status              cpct_firmware
     00006439  _cpct_getScreenPtr                 cpct_video
     00006459  dc_mode0_ct                        cpct_strings
ASxxxx Linker V03.00 + NoICE + sdld,  page 4.
Hexadecimal  [32-Bits]

Area                                    Addr        Size        Decimal Bytes (Attributes)
--------------------------------        ----        ----        ------- ----- ------------
_DATA                               00006469    000000AE =         174. bytes (REL,CON)

      Value  Global                              Global Defined In Module
      -----  --------------------------------   ------------------------
ASxxxx Linker V03.00 + NoICE + sdld,  page 5.
Hexadecimal  [32-Bits]

Area                                    Addr        Size        Decimal Bytes (Attributes)
--------------------------------        ----        ----        ------- ----- ------------
_INITIALIZED                        00006517    00000007 =           7. bytes (REL,CON)

      Value  Global                              Global Defined In Module
      -----  --------------------------------   ------------------------
ASxxxx Linker V03.00 + NoICE + sdld,  page 6.
Hexadecimal  [32-Bits]

Area                                    Addr        Size        Decimal Bytes (Attributes)
--------------------------------        ----        ----        ------- ----- ------------
_INITIALIZER                        0000651E    00000007 =           7. bytes (REL,CON)

      Value  Global                              Global Defined In Module
      -----  --------------------------------   ------------------------
ASxxxx Linker V03.00 + NoICE + sdld,  page 7.

Files Linked                              [ module(s) ]

obj/game.rel                              [ game ]
obj/main.rel                              [ main ]
obj/systems/collision.rel                 [ collision ]
obj/systems/hud.rel                       [ hud ]
obj/systems/input.rel                     [ input ]
obj/systems/tilemap.rel                   [ tilemap ]
obj/data/level1.rel                       [ level1 ]
obj/data/tileset/base.rel                 [ base ]
obj/data/tileset/tilesetprops.rel         [ tilesetprops ]
obj/data/tileset/tilesetterrain.rel       [ tilesetterrain ]
obj/data/sprites/itesenemies.rel          [ itesenemies ]
obj/data/sprites/itesplayer.rel           [ itesplayer ]
obj/data/sprites/itesprojectiles.rel      [ itesprojectiles ]
obj/data/sprites/playerknight.rel         [ playerknight ]
obj/data/assets/fontrunes.rel             [ fontrunes ]
obj/data/hud/elements.rel                 [ elements ]
obj/data/hud/healthbar.rel                [ healthbar ]
obj/entities/enemy.rel                    [ enemy ]
obj/entities/player.rel                   [ player ]
obj/entities/projectile.rel               [ projectile ]


Libraries Linked                          [ object file ]

/Users/rafagranados/Develop/charlas/48HSK/retrofactory/cpc-studio-v2_1-code/tools/cpctelera/cpctelera/tools/sdcc-3.6.8-r9946/bin/../share/sdcc/lib/z80/z80.lib
                                          [ divunsigned.rel ]
/Users/rafagranados/Develop/charlas/48HSK/retrofactory/cpc-studio-v2_1-code/tools/cpctelera/cpctelera/cpctelera.lib
                                          [ cpct_isKeyPressed.rel ]
/Users/rafagranados/Develop/charlas/48HSK/retrofactory/cpc-studio-v2_1-code/tools/cpctelera/cpctelera/cpctelera.lib
                                          [ cpct_scanKeyboard_f.rel ]
/Users/rafagranados/Develop/charlas/48HSK/retrofactory/cpc-studio-v2_1-code/tools/cpctelera/cpctelera/cpctelera.lib
                                          [ cpct_setPalette_cbindings.rel ]
/Users/rafagranados/Develop/charlas/48HSK/retrofactory/cpc-studio-v2_1-code/tools/cpctelera/cpctelera/cpctelera.lib
                                          [ cpct_setPALColour_cbindings.rel ]
/Users/rafagranados/Develop/charlas/48HSK/retrofactory/cpc-studio-v2_1-code/tools/cpctelera/cpctelera/cpctelera.lib
                                          [ cpct_drawSprite_cbindings.rel ]
/Users/rafagranados/Develop/charlas/48HSK/retrofactory/cpc-studio-v2_1-code/tools/cpctelera/cpctelera/tools/sdcc-3.6.8-r9946/bin/../share/sdcc/lib/z80/z80.lib
                                          [ modunsigned.rel ]
/Users/rafagranados/Develop/charlas/48HSK/retrofactory/cpc-studio-v2_1-code/tools/cpctelera/cpctelera/cpctelera.lib
                                          [ keyboard.rel ]
/Users/rafagranados/Develop/charlas/48HSK/retrofactory/cpc-studio-v2_1-code/tools/cpctelera/cpctelera/cpctelera.lib
                                          [ cpct_waitVSYNC.rel ]
/Users/rafagranados/Develop/charlas/48HSK/retrofactory/cpc-studio-v2_1-code/tools/cpctelera/cpctelera/cpctelera.lib
                                          [ cpct_setVideoMode_cbindings.rel ]
/Users/rafagranados/Develop/charlas/48HSK/retrofactory/cpc-studio-v2_1-code/tools/cpctelera/cpctelera/cpctelera.lib
                                          [ cpct_px2byteM0_cbindings.rel ]
/Users/rafagranados/Develop/charlas/48HSK/retrofactory/cpc-studio-v2_1-code/tools/cpctelera/cpctelera/cpctelera.lib
                                          [ cpct_memset_cbinding.rel ]
/Users/rafagranados/Develop/charlas/48HSK/retrofactory/cpc-studio-v2_1-code/tools/cpctelera/cpctelera/cpctelera.lib
                                          [ cpct_removeInterruptHandler.rel ]
/Users/rafagranados/Develop/charlas/48HSK/retrofactory/cpc-studio-v2_1-code/tools/cpctelera/cpctelera/cpctelera.lib
                                          [ cpct_drawSolidBox_cbindings.rel ]
/Users/rafagranados/Develop/charlas/48HSK/retrofactory/cpc-studio-v2_1-code/tools/cpctelera/cpctelera/cpctelera.lib
                                          [ cpc_mode_rom_status.rel ]
/Users/rafagranados/Develop/charlas/48HSK/retrofactory/cpc-studio-v2_1-code/tools/cpctelera/cpctelera/cpctelera.lib
                                          [ cpct_getScreenPtr_cbindings.rel ]
/Users/rafagranados/Develop/charlas/48HSK/retrofactory/cpc-studio-v2_1-code/tools/cpctelera/cpctelera/cpctelera.lib
                                          [ cpct_dc_mode0_ct.rel ]

ASxxxx Linker V03.00 + NoICE + sdld,  page 8.

User Base Address Definitions

_CODE = 0x4000
_DATA = 0x0000

