ASxxxx Linker V03.00 + NoICE + sdld,  page 1.
Hexadecimal  [32-Bits]

Area                                    Addr        Size        Decimal Bytes (Attributes)
--------------------------------        ----        ----        ------- ----- ------------
.  .ABS.                            00000000    00000000 =           0. bytes (ABS,CON)

      Value  Global                              Global Defined In Module
      -----  --------------------------------   ------------------------
     00000000  .__.ABS.                           cpct_strings
     00000000  l__CABS                         
     00000000  l__DABS                         
     00000000  l__GSFINAL                      
     00000000  l__GSINIT                       
     00000000  l__HOME                         
     00000000  s__CABS                         
     00000000  s__DABS                         
     00000007  l__INITIALIZED                  
     00000007  l__INITIALIZER                  
     000000B4  l__DATA                         
     000021FB  l__CODE                         
     00004000  s__CODE                         
     000061FB  s__DATA                         
     000062AF  s__INITIALIZED                  
     000062B6  s__GSFINAL                      
     000062B6  s__GSINIT                       
     000062B6  s__HOME                         
     000062B6  s__INITIALIZER                  

ASxxxx Linker V03.00 + NoICE + sdld,  page 2.
Hexadecimal  [32-Bits]

Area                                    Addr        Size        Decimal Bytes (Attributes)
--------------------------------        ----        ----        ------- ----- ------------
_CODE                               00004000    000021FB =        8699. bytes (REL,CON)

      Value  Global                              Global Defined In Module
      -----  --------------------------------   ------------------------
     000042B6  _game_init                         game
     00004386  _game_update                       game
     000049AE  _game_render                       game
     00004B62  _cpc_entry_wrapper                 main
     00004B62  cpc_run_address                    main
     00004B79  _main                              main
     00004B8B  _collision_init                    collision
     00004BAD  _collision_is_on_ground            collision
     00004BC7  _collision_is_on_ground_at         collision
     00004C2C  _collision_clamp_y_to_ground       collision
     00004C46  _collision_clamp_y_at              collision
     00004CDD  _collision_is_on_trap              collision
     00004D02  _collision_is_on_ladder            collision
     00004E97  _hudinit                           hud
     00004EB2  _hudupdate                         hud
     00004EE3  _hudrender                         hud
     00004FA2  _input_update                      input
     00004FF3  _input_is_left_pressed             input
     00004FFB  _input_is_right_pressed            input
     00005003  _input_is_up_pressed               input
     0000500B  _input_is_down_pressed             input
     00005013  _input_is_jump_pressed             input
     0000501B  _input_is_jump_just_pressed        input
     0000502D  _input_is_shoot_pressed            input
     00005035  _input_is_shoot_just_pressed       input
     00005047  _tilemap_init                      tilemap
     00005073  _tilemap_render                    tilemap
     00005114  _tilemap_ground_y                  tilemap
     0000511C  _tilemap_platform_y_at             tilemap
     0000514E  _tilemap_is_trap                   tilemap
     000051B2  _tilemap_is_ladder                 tilemap
     000051B5  _tilemap_is_hidden_zone            tilemap
     000051B8  _tilemap_goal_x                    tilemap
     000051C0  _level1tilemapwidth                level1
     000051C2  _level1tilemapheight               level1
     000051C4  _level1tilemap                     level1
     000051E2  _level1tileproperties              level1
     000051E4  _gpalette                          level1
     000051F4  _tilesetbase_data                  base
     000051F5  _lance_projectile                  projectilesprites
     000051FD  _crossbow_bolt                     projectilesprites
     00005201  _imp_fireball                      projectilesprites
     00005205  _tilesets_data                     tilesets
     00005206  _sprplayerknight_data              playerknight
     00005207  _zombie_walk                       enemysprites
     000052C7  _imp_fly                           enemysprites
     00005347  _skeleton_walk                     enemysprites
     00005447  _enemy_sprite_mask                 enemysprites
     00005547  _player_sprites_data               playersprites
     00005548  _hudhealthbar_data                 healthbar
ASxxxx Linker V03.00 + NoICE + sdld,  page 3.
Hexadecimal  [32-Bits]

Area                                    Addr        Size        Decimal Bytes (Attributes)
--------------------------------        ----        ----        ------- ----- ------------
_CODE                               00004000    000021FB =        8699. bytes (REL,CON)

      Value  Global                              Global Defined In Module
      -----  --------------------------------   ------------------------
     00005549  _hud_sprites_data                  sprites
     0000554A  _enemyinit                         enemy
     00005592  _enemyspawn                        enemy
     00005776  _enemyupdate                       enemy
     00005982  _enemyrender                       enemy
     00005A14  _enemydamage                       enemy
     00005A54  _playerinit                        player
     00005A94  _playerupdate                      player
     00005CE0  _playerrender                      player
     00005D38  _projectileinit                    projectile
     00005D7D  _projectilefire                    projectile
     00005E3B  _projectileupdate                  projectile
     00005E9A  _projectilerender                  projectile
     00005F22  __divuint                          
     00005F2A  __divuchar                         
     00005F31  __divu8                            
     00005F34  __divu16                           
     00005F63  _cpct_isKeyPressed                 cpct_keyboard
     00005F63  cpct_isKeyPressed_asm              cpct_keyboard
     00005F6F  _cpct_scanKeyboard_f               cpct_keyboard
     00005F6F  cpct_scanKeyboard_f_asm            cpct_keyboard
     00005FD9  _cpct_setPalette                   cpct_video
     00005FF0  _cpct_setPALColour                 cpct_video
     00005FFC  _cpct_drawSprite                   cpct_sprites
     000060A1  __moduchar                         
     000060AD  __moduint                          
     000060B8  _cpct_keyboardStatusBuffer         cpct_keyboard
     000060C2  _cpct_waitVSYNC                    cpct_video
     000060C2  cpct_waitVSYNC_asm                 cpct_video
     000060CA  _cpct_setVideoMode                 cpct_video
     000060D8  _cpct_px2byteM0                    cpct_sprites
     000060F4  _cpct_memset                       cpct_memutils
     00006102  _cpct_disableFirmware              cpct_firmware
     00006102  _cpct_removeInterruptHandler       cpct_firmware
     00006102  cpct_disableFirmware_asm           cpct_firmware
     00006102  cpct_removeInterruptHandler_asm    cpct_firmware
     00006112  _cpct_drawSolidBox                 cpct_sprites
     000061CA  _cpct_mode_rom_status              cpct_firmware
     000061CB  _cpct_getScreenPtr                 cpct_video
     000061EB  dc_mode0_ct                        cpct_strings
ASxxxx Linker V03.00 + NoICE + sdld,  page 4.
Hexadecimal  [32-Bits]

Area                                    Addr        Size        Decimal Bytes (Attributes)
--------------------------------        ----        ----        ------- ----- ------------
_DATA                               000061FB    000000B4 =         180. bytes (REL,CON)

      Value  Global                              Global Defined In Module
      -----  --------------------------------   ------------------------
ASxxxx Linker V03.00 + NoICE + sdld,  page 5.
Hexadecimal  [32-Bits]

Area                                    Addr        Size        Decimal Bytes (Attributes)
--------------------------------        ----        ----        ------- ----- ------------
_INITIALIZED                        000062AF    00000007 =           7. bytes (REL,CON)

      Value  Global                              Global Defined In Module
      -----  --------------------------------   ------------------------
ASxxxx Linker V03.00 + NoICE + sdld,  page 6.
Hexadecimal  [32-Bits]

Area                                    Addr        Size        Decimal Bytes (Attributes)
--------------------------------        ----        ----        ------- ----- ------------
_INITIALIZER                        000062B6    00000007 =           7. bytes (REL,CON)

      Value  Global                              Global Defined In Module
      -----  --------------------------------   ------------------------
ASxxxx Linker V03.00 + NoICE + sdld,  page 7.

Files Linked                              [ module(s) ]

obj/game.rel                              [ game ]
obj/main.rel                              [ main ]
obj/systems/collision.rel                 [ collision ]
obj/systems/hud.rel                       [ hud ]
obj/systems/input.rel                     [ input ]
obj/systems/tilemap.rel                   [ tilemap ]
obj/data/level1.rel                       [ level1 ]
obj/data/tileset/base.rel                 [ base ]
obj/data/tileset/projectilesprites.rel    [ projectilesprites ]
obj/data/tileset/tilesets.rel             [ tilesets ]
obj/data/sprites/playerknight.rel         [ playerknight ]
obj/data/assets/enemysprites.rel          [ enemysprites ]
obj/data/assets/playersprites.rel         [ playersprites ]
obj/data/hud/healthbar.rel                [ healthbar ]
obj/data/hud/sprites.rel                  [ sprites ]
obj/entities/enemy.rel                    [ enemy ]
obj/entities/player.rel                   [ player ]
obj/entities/projectile.rel               [ projectile ]


Libraries Linked                          [ object file ]

/Users/rafagranados/Develop/charlas/48HSK/retrofactory/cpc-studio-v2_1-code/tools/cpctelera/cpctelera/tools/sdcc-3.6.8-r9946/bin/../share/sdcc/lib/z80/z80.lib
                                          [ divunsigned.rel ]
/Users/rafagranados/Develop/charlas/48HSK/retrofactory/cpc-studio-v2_1-code/tools/cpctelera/cpctelera/cpctelera.lib
                                          [ cpct_isKeyPressed.rel ]
/Users/rafagranados/Develop/charlas/48HSK/retrofactory/cpc-studio-v2_1-code/tools/cpctelera/cpctelera/cpctelera.lib
                                          [ cpct_scanKeyboard_f.rel ]
/Users/rafagranados/Develop/charlas/48HSK/retrofactory/cpc-studio-v2_1-code/tools/cpctelera/cpctelera/cpctelera.lib
                                          [ cpct_setPalette_cbindings.rel ]
/Users/rafagranados/Develop/charlas/48HSK/retrofactory/cpc-studio-v2_1-code/tools/cpctelera/cpctelera/cpctelera.lib
                                          [ cpct_setPALColour_cbindings.rel ]
/Users/rafagranados/Develop/charlas/48HSK/retrofactory/cpc-studio-v2_1-code/tools/cpctelera/cpctelera/cpctelera.lib
                                          [ cpct_drawSprite_cbindings.rel ]
/Users/rafagranados/Develop/charlas/48HSK/retrofactory/cpc-studio-v2_1-code/tools/cpctelera/cpctelera/tools/sdcc-3.6.8-r9946/bin/../share/sdcc/lib/z80/z80.lib
                                          [ modunsigned.rel ]
/Users/rafagranados/Develop/charlas/48HSK/retrofactory/cpc-studio-v2_1-code/tools/cpctelera/cpctelera/cpctelera.lib
                                          [ keyboard.rel ]
/Users/rafagranados/Develop/charlas/48HSK/retrofactory/cpc-studio-v2_1-code/tools/cpctelera/cpctelera/cpctelera.lib
                                          [ cpct_waitVSYNC.rel ]
/Users/rafagranados/Develop/charlas/48HSK/retrofactory/cpc-studio-v2_1-code/tools/cpctelera/cpctelera/cpctelera.lib
                                          [ cpct_setVideoMode_cbindings.rel ]
/Users/rafagranados/Develop/charlas/48HSK/retrofactory/cpc-studio-v2_1-code/tools/cpctelera/cpctelera/cpctelera.lib
                                          [ cpct_px2byteM0_cbindings.rel ]
/Users/rafagranados/Develop/charlas/48HSK/retrofactory/cpc-studio-v2_1-code/tools/cpctelera/cpctelera/cpctelera.lib
                                          [ cpct_memset_cbinding.rel ]
/Users/rafagranados/Develop/charlas/48HSK/retrofactory/cpc-studio-v2_1-code/tools/cpctelera/cpctelera/cpctelera.lib
                                          [ cpct_removeInterruptHandler.rel ]
/Users/rafagranados/Develop/charlas/48HSK/retrofactory/cpc-studio-v2_1-code/tools/cpctelera/cpctelera/cpctelera.lib
                                          [ cpct_drawSolidBox_cbindings.rel ]
/Users/rafagranados/Develop/charlas/48HSK/retrofactory/cpc-studio-v2_1-code/tools/cpctelera/cpctelera/cpctelera.lib
                                          [ cpc_mode_rom_status.rel ]
/Users/rafagranados/Develop/charlas/48HSK/retrofactory/cpc-studio-v2_1-code/tools/cpctelera/cpctelera/cpctelera.lib
                                          [ cpct_getScreenPtr_cbindings.rel ]
/Users/rafagranados/Develop/charlas/48HSK/retrofactory/cpc-studio-v2_1-code/tools/cpctelera/cpctelera/cpctelera.lib
                                          [ cpct_dc_mode0_ct.rel ]

ASxxxx Linker V03.00 + NoICE + sdld,  page 8.

User Base Address Definitions

_CODE = 0x4000
_DATA = 0x0000

