ASxxxx Linker V03.00 + NoICE + sdld,  page 1.
Hexadecimal  [32-Bits]

Area                                    Addr        Size        Decimal Bytes (Attributes)
--------------------------------        ----        ----        ------- ----- ------------
.  .ABS.                            00000000    00000000 =           0. bytes (ABS,CON)

      Value  Global                              Global Defined In Module
      -----  --------------------------------   ------------------------
     00000000  .__.ABS.                           cpct_video
     00000000  l__CABS                         
     00000000  l__DABS                         
     00000000  l__GSFINAL                      
     00000000  l__GSINIT                       
     00000000  l__HOME                         
     00000000  s__CABS                         
     00000000  s__DABS                         
     0000001B  l__INITIALIZED                  
     0000001B  l__INITIALIZER                  
     000000AB  l__DATA                         
     00001D9C  l__CODE                         
     00004000  s__CODE                         
     00005D9C  s__DATA                         
     00005E47  s__INITIALIZED                  
     00005E62  s__GSFINAL                      
     00005E62  s__GSINIT                       
     00005E62  s__HOME                         
     00005E62  s__INITIALIZER                  

ASxxxx Linker V03.00 + NoICE + sdld,  page 2.
Hexadecimal  [32-Bits]

Area                                    Addr        Size        Decimal Bytes (Attributes)
--------------------------------        ----        ----        ------- ----- ------------
_CODE                               00004000    00001D9C =        7580. bytes (REL,CON)

      Value  Global                              Global Defined In Module
      -----  --------------------------------   ------------------------
     000042A6  _game_init                         game
     00004354  _game_update                       game
     000048DF  _game_render                       game
     00004A18  _main                              main
     00004A26  _collision_init                    collision
     00004A48  _collision_is_on_ground            collision
     00004A62  _collision_is_on_ground_at         collision
     00004AC7  _collision_clamp_y_to_ground       collision
     00004AE1  _collision_clamp_y_at              collision
     00004B78  _collision_is_on_trap              collision
     00004B9D  _collision_is_on_ladder            collision
     00004D2C  _hudinit                           hud
     00004D47  _hudupdate                         hud
     00004D78  _hudrender                         hud
     00004E3F  _input_update                      input
     00004E90  _input_is_left_pressed             input
     00004E98  _input_is_right_pressed            input
     00004EA0  _input_is_up_pressed               input
     00004EA8  _input_is_down_pressed             input
     00004EB0  _input_is_jump_pressed             input
     00004EB8  _input_is_jump_just_pressed        input
     00004ECA  _input_is_shoot_pressed            input
     00004ED2  _input_is_shoot_just_pressed       input
     00004EE4  _tilemap_init                      tilemap
     00004F10  _tilemap_render                    tilemap
     00004F91  _tilemap_ground_y                  tilemap
     00004F99  _tilemap_platform_y_at             tilemap
     00004FCB  _tilemap_is_trap                   tilemap
     0000502F  _tilemap_is_ladder                 tilemap
     00005032  _tilemap_is_hidden_zone            tilemap
     00005035  _tilemap_goal_x                    tilemap
     0000503D  _level1tilemapwidth                level1
     0000503F  _level1tilemapheight               level1
     00005041  _level1tilemap                     level1
     0000505F  _level1tileproperties              level1
     00005061  _gpalette16                        level1
     00005071  _tilesetbase_data                  base
     00005072  _tileset_background_data           tilesetbackground
     00005073  _tileset_traps_data                tilesettraps
     00005074  _sprites_enemies_data              itesenemies
     00005075  _sprites_player_data               itesplayer
     00005076  _sprites_projectiles_data          itesprojectiles
     00005077  _sprplayerknight_data              playerknight
     00005078  _hudhealthbar_data                 healthbar
     00005079  _hud_data                          hud
     0000507A  _enemyinit                         enemy
     000050BF  _enemyspawn                        enemy
     00005297  _enemyupdate                       enemy
     00005492  _enemyrender                       enemy
     0000550C  _enemydamage                       enemy
ASxxxx Linker V03.00 + NoICE + sdld,  page 3.
Hexadecimal  [32-Bits]

Area                                    Addr        Size        Decimal Bytes (Attributes)
--------------------------------        ----        ----        ------- ----- ------------
_CODE                               00004000    00001D9C =        7580. bytes (REL,CON)

      Value  Global                              Global Defined In Module
      -----  --------------------------------   ------------------------
     0000554C  _playerinit                        player
     00005593  _playerupdate                      player
     00005901  _playerrender                      player
     00005946  _projectileinit                    projectile
     0000598B  _projectilefire                    projectile
     00005A42  _projectileupdate                  projectile
     00005AA1  _projectilerender                  projectile
     00005B12  __divuint                          
     00005B1A  __divuchar                         
     00005B21  __divu8                            
     00005B24  __divu16                           
     00005B53  _cpct_isKeyPressed                 cpct_keyboard
     00005B53  cpct_isKeyPressed_asm              cpct_keyboard
     00005B5F  _cpct_scanKeyboard_f               cpct_keyboard
     00005B5F  cpct_scanKeyboard_f_asm            cpct_keyboard
     00005BC9  _cpct_drawSprite                   cpct_sprites
     00005C6E  __moduchar                         
     00005C7A  __moduint                          
     00005C85  _cpct_keyboardStatusBuffer         cpct_keyboard
     00005C8F  _cpct_waitVSYNC                    cpct_video
     00005C8F  cpct_waitVSYNC_asm                 cpct_video
     00005C97  _cpct_setVideoMode                 cpct_video
     00005CA5  _cpct_memset                       cpct_memutils
     00005CB3  _cpct_disableFirmware              cpct_firmware
     00005CB3  _cpct_removeInterruptHandler       cpct_firmware
     00005CB3  cpct_disableFirmware_asm           cpct_firmware
     00005CB3  cpct_removeInterruptHandler_asm    cpct_firmware
     00005CC3  _cpct_drawSolidBox                 cpct_sprites
     00005D7B  _cpct_mode_rom_status              cpct_firmware
     00005D7C  _cpct_getScreenPtr                 cpct_video

ASxxxx Linker V03.00 + NoICE + sdld,  page 4.
Hexadecimal  [32-Bits]

Area                                    Addr        Size        Decimal Bytes (Attributes)
--------------------------------        ----        ----        ------- ----- ------------
_DATA                               00005D9C    000000AB =         171. bytes (REL,CON)

      Value  Global                              Global Defined In Module
      -----  --------------------------------   ------------------------
ASxxxx Linker V03.00 + NoICE + sdld,  page 5.
Hexadecimal  [32-Bits]

Area                                    Addr        Size        Decimal Bytes (Attributes)
--------------------------------        ----        ----        ------- ----- ------------
_INITIALIZED                        00005E47    0000001B =          27. bytes (REL,CON)

      Value  Global                              Global Defined In Module
      -----  --------------------------------   ------------------------
ASxxxx Linker V03.00 + NoICE + sdld,  page 6.
Hexadecimal  [32-Bits]

Area                                    Addr        Size        Decimal Bytes (Attributes)
--------------------------------        ----        ----        ------- ----- ------------
_INITIALIZER                        00005E62    0000001B =          27. bytes (REL,CON)

      Value  Global                              Global Defined In Module
      -----  --------------------------------   ------------------------
ASxxxx Linker V03.00 + NoICE + sdld,  page 7.

Files Linked                              [ module(s) ]

obj/game.rel                              [ game ]
obj/main.rel                              [ main ]
obj/systems/collision.rel                 [ collision ]
obj/systems/hud.rel                       [ hud ]
obj/systems/input.rel                     [ input ]
obj/systems/tilemap.rel                   [ tilemap ]
obj/data/level1.rel                       [ level1 ]
obj/data/tileset/base.rel                 [ base ]
obj/data/tileset/tilesetbackground.rel    [ tilesetbackground ]
obj/data/tileset/tilesettraps.rel         [ tilesettraps ]
obj/data/sprites/itesenemies.rel          [ itesenemies ]
obj/data/sprites/itesplayer.rel           [ itesplayer ]
obj/data/sprites/itesprojectiles.rel      [ itesprojectiles ]
obj/data/sprites/playerknight.rel         [ playerknight ]
obj/data/hud/healthbar.rel                [ healthbar ]
obj/data/hud/hud.rel                      [ hud ]
obj/entities/enemy.rel                    [ enemy ]
obj/entities/player.rel                   [ player ]
obj/entities/projectile.rel               [ projectile ]


Libraries Linked                          [ object file ]

/Users/rafagranados/Develop/charlas/48HSK/retrofactory/cpc-studio-v2_1-code/tools/cpctelera/cpctelera/tools/sdcc-3.6.8-r9946/bin/../share/sdcc/lib/z80/z80.lib
                                          [ divunsigned.rel ]
/Users/rafagranados/Develop/charlas/48HSK/retrofactory/cpc-studio-v2_1-code/tools/cpctelera/cpctelera/cpctelera.lib
                                          [ cpct_isKeyPressed.rel ]
/Users/rafagranados/Develop/charlas/48HSK/retrofactory/cpc-studio-v2_1-code/tools/cpctelera/cpctelera/cpctelera.lib
                                          [ cpct_scanKeyboard_f.rel ]
/Users/rafagranados/Develop/charlas/48HSK/retrofactory/cpc-studio-v2_1-code/tools/cpctelera/cpctelera/cpctelera.lib
                                          [ cpct_drawSprite_cbindings.rel ]
/Users/rafagranados/Develop/charlas/48HSK/retrofactory/cpc-studio-v2_1-code/tools/cpctelera/cpctelera/tools/sdcc-3.6.8-r9946/bin/../share/sdcc/lib/z80/z80.lib
                                          [ modunsigned.rel ]
/Users/rafagranados/Develop/charlas/48HSK/retrofactory/cpc-studio-v2_1-code/tools/cpctelera/cpctelera/cpctelera.lib
                                          [ keyboard.rel ]
/Users/rafagranados/Develop/charlas/48HSK/retrofactory/cpc-studio-v2_1-code/tools/cpctelera/cpctelera/cpctelera.lib
                                          [ cpct_waitVSYNC.rel ]
/Users/rafagranados/Develop/charlas/48HSK/retrofactory/cpc-studio-v2_1-code/tools/cpctelera/cpctelera/cpctelera.lib
                                          [ cpct_setVideoMode_cbindings.rel ]
/Users/rafagranados/Develop/charlas/48HSK/retrofactory/cpc-studio-v2_1-code/tools/cpctelera/cpctelera/cpctelera.lib
                                          [ cpct_memset_cbinding.rel ]
/Users/rafagranados/Develop/charlas/48HSK/retrofactory/cpc-studio-v2_1-code/tools/cpctelera/cpctelera/cpctelera.lib
                                          [ cpct_removeInterruptHandler.rel ]
/Users/rafagranados/Develop/charlas/48HSK/retrofactory/cpc-studio-v2_1-code/tools/cpctelera/cpctelera/cpctelera.lib
                                          [ cpct_drawSolidBox_cbindings.rel ]
/Users/rafagranados/Develop/charlas/48HSK/retrofactory/cpc-studio-v2_1-code/tools/cpctelera/cpctelera/cpctelera.lib
                                          [ cpc_mode_rom_status.rel ]
/Users/rafagranados/Develop/charlas/48HSK/retrofactory/cpc-studio-v2_1-code/tools/cpctelera/cpctelera/cpctelera.lib
                                          [ cpct_getScreenPtr_cbindings.rel ]

ASxxxx Linker V03.00 + NoICE + sdld,  page 8.

User Base Address Definitions

_CODE = 0x4000
_DATA = 0x0000

