ASxxxx Linker V03.00 + NoICE + sdld,  page 1.
Hexadecimal  [32-Bits]

Area                                    Addr        Size        Decimal Bytes (Attributes)
--------------------------------        ----        ----        ------- ----- ------------
.  .ABS.                            00000000    00000000 =           0. bytes (ABS,CON)

      Value  Global                              Global Defined In Module
      -----  --------------------------------   ------------------------
     00000000  .__.ABS.                           cpct_strings
     00000000  l__CABS                         
     00000000  l__DABS                         
     00000000  l__GSFINAL                      
     00000000  l__GSINIT                       
     00000000  l__HOME                         
     00000000  s__CABS                         
     00000000  s__DABS                         
     00000007  l__INITIALIZED                  
     00000007  l__INITIALIZER                  
     000000AD  l__DATA                         
     00001EAE  l__CODE                         
     00004000  s__CODE                         
     00005EAE  s__DATA                         
     00005F5B  s__INITIALIZED                  
     00005F62  s__GSFINAL                      
     00005F62  s__GSINIT                       
     00005F62  s__HOME                         
     00005F62  s__INITIALIZER                  

ASxxxx Linker V03.00 + NoICE + sdld,  page 2.
Hexadecimal  [32-Bits]

Area                                    Addr        Size        Decimal Bytes (Attributes)
--------------------------------        ----        ----        ------- ----- ------------
_CODE                               00004000    00001EAE =        7854. bytes (REL,CON)

      Value  Global                              Global Defined In Module
      -----  --------------------------------   ------------------------
     000042B3  _game_init                         game
     00004383  _game_update                       game
     000049AB  _game_render                       game
     00004B5E  _cpc_entry_wrapper                 main
     00004B5E  cpc_run_address                    main
     00004B75  _main                              main
     00004B87  _collision_init                    collision
     00004BA9  _collision_is_on_ground            collision
     00004BC3  _collision_is_on_ground_at         collision
     00004C28  _collision_clamp_y_to_ground       collision
     00004C42  _collision_clamp_y_at              collision
     00004CD9  _collision_is_on_trap              collision
     00004CFE  _collision_is_on_ladder            collision
     00004E93  _hudinit                           hud
     00004EAE  _hudupdate                         hud
     00004EDF  _hudrender                         hud
     00004F9E  _input_update                      input
     00004FEF  _input_is_left_pressed             input
     00004FF7  _input_is_right_pressed            input
     00004FFF  _input_is_up_pressed               input
     00005007  _input_is_down_pressed             input
     0000500F  _input_is_jump_pressed             input
     00005017  _input_is_jump_just_pressed        input
     00005029  _input_is_shoot_pressed            input
     00005031  _input_is_shoot_just_pressed       input
     00005043  _tilemap_init                      tilemap
     0000506F  _tilemap_render                    tilemap
     00005110  _tilemap_ground_y                  tilemap
     00005118  _tilemap_platform_y_at             tilemap
     0000514A  _tilemap_is_trap                   tilemap
     000051AE  _tilemap_is_ladder                 tilemap
     000051B1  _tilemap_is_hidden_zone            tilemap
     000051B4  _tilemap_goal_x                    tilemap
     000051BC  _level1tilemapwidth                level1
     000051BE  _level1tilemapheight               level1
     000051C0  _level1tilemap                     level1
     000051DE  _level1tileproperties              level1
     000051E0  _gpalette                          level1
     000051F0  _tilesetbase_data                  base
     000051F1  _projectile_boss_sprites_data      projectilebosssprites
     000051F2  _projectile_dagger_sprites_data    projectiledaggersprites
     000051F3  _projectile_fireball_sprites_dat   projectilefireballsprites
     000051F4  _projectile_harpy_sprites_data     projectileharpysprites
     000051F5  _projectile_imp_fire_sprites_dat   projectileimpfiresprites
     000051F6  _projectile_lance_sprites_data     projectilelancesprites
     000051F7  _sprplayerknight_data              playerknight
     000051F8  _checkpoint_flame_sprites_data     checkpointflamesprites
     000051F9  _enemy_boss_sprites_data           enemybosssprites
     000051FA  _enemy_harpy_sprites_data          enemyharpysprites
     000051FB  _enemy_imp_sprites_data            enemyimpsprites
ASxxxx Linker V03.00 + NoICE + sdld,  page 3.
Hexadecimal  [32-Bits]

Area                                    Addr        Size        Decimal Bytes (Attributes)
--------------------------------        ----        ----        ------- ----- ------------
_CODE                               00004000    00001EAE =        7854. bytes (REL,CON)

      Value  Global                              Global Defined In Module
      -----  --------------------------------   ------------------------
     000051FC  _enemy_minotaur_sprites_data       enemyminotaursprites
     000051FD  _enemy_skeleton_sprites_data       enemyskeletonsprites
     000051FE  _enemy_zombie_sprites_data         enemyzombiesprites
     000051FF  _explosion_sprites_data            explosionsprites
     00005200  _player_knight_sprites_data        playerknightsprites
     00005201  _powerup_dagger_sprites_data       powerupdaggersprites
     00005202  _powerup_fire_sprites_data         powerupfiresprites
     00005203  _powerup_lance_sprites_data        poweruplancesprites
     00005204  _hud_chars_data                    chars
     00005205  _hudhealthbar_data                 healthbar
     00005206  _enemyinit                         enemy
     0000524B  _enemyspawn                        enemy
     00005423  _enemyupdate                       enemy
     0000563C  _enemyrender                       enemy
     000056CE  _enemydamage                       enemy
     0000570E  _playerinit                        player
     0000574E  _playerupdate                      player
     0000599A  _playerrender                      player
     000059F2  _projectileinit                    projectile
     00005A37  _projectilefire                    projectile
     00005AEE  _projectileupdate                  projectile
     00005B4D  _projectilerender                  projectile
     00005BD5  __divuint                          
     00005BDD  __divuchar                         
     00005BE4  __divu8                            
     00005BE7  __divu16                           
     00005C16  _cpct_isKeyPressed                 cpct_keyboard
     00005C16  cpct_isKeyPressed_asm              cpct_keyboard
     00005C22  _cpct_scanKeyboard_f               cpct_keyboard
     00005C22  cpct_scanKeyboard_f_asm            cpct_keyboard
     00005C8C  _cpct_setPalette                   cpct_video
     00005CA3  _cpct_setPALColour                 cpct_video
     00005CAF  _cpct_drawSprite                   cpct_sprites
     00005D54  __moduchar                         
     00005D60  __moduint                          
     00005D6B  _cpct_keyboardStatusBuffer         cpct_keyboard
     00005D75  _cpct_waitVSYNC                    cpct_video
     00005D75  cpct_waitVSYNC_asm                 cpct_video
     00005D7D  _cpct_setVideoMode                 cpct_video
     00005D8B  _cpct_px2byteM0                    cpct_sprites
     00005DA7  _cpct_memset                       cpct_memutils
     00005DB5  _cpct_disableFirmware              cpct_firmware
     00005DB5  _cpct_removeInterruptHandler       cpct_firmware
     00005DB5  cpct_disableFirmware_asm           cpct_firmware
     00005DB5  cpct_removeInterruptHandler_asm    cpct_firmware
     00005DC5  _cpct_drawSolidBox                 cpct_sprites
     00005E7D  _cpct_mode_rom_status              cpct_firmware
     00005E7E  _cpct_getScreenPtr                 cpct_video
     00005E9E  dc_mode0_ct                        cpct_strings
ASxxxx Linker V03.00 + NoICE + sdld,  page 4.
Hexadecimal  [32-Bits]

Area                                    Addr        Size        Decimal Bytes (Attributes)
--------------------------------        ----        ----        ------- ----- ------------
_DATA                               00005EAE    000000AD =         173. bytes (REL,CON)

      Value  Global                              Global Defined In Module
      -----  --------------------------------   ------------------------
ASxxxx Linker V03.00 + NoICE + sdld,  page 5.
Hexadecimal  [32-Bits]

Area                                    Addr        Size        Decimal Bytes (Attributes)
--------------------------------        ----        ----        ------- ----- ------------
_INITIALIZED                        00005F5B    00000007 =           7. bytes (REL,CON)

      Value  Global                              Global Defined In Module
      -----  --------------------------------   ------------------------
ASxxxx Linker V03.00 + NoICE + sdld,  page 6.
Hexadecimal  [32-Bits]

Area                                    Addr        Size        Decimal Bytes (Attributes)
--------------------------------        ----        ----        ------- ----- ------------
_INITIALIZER                        00005F62    00000007 =           7. bytes (REL,CON)

      Value  Global                              Global Defined In Module
      -----  --------------------------------   ------------------------
ASxxxx Linker V03.00 + NoICE + sdld,  page 7.

Files Linked                              [ module(s) ]

obj/game.rel                              [ game ]
obj/main.rel                              [ main ]
obj/systems/collision.rel                 [ collision ]
obj/systems/hud.rel                       [ hud ]
obj/systems/input.rel                     [ input ]
obj/systems/tilemap.rel                   [ tilemap ]
obj/data/level1.rel                       [ level1 ]
obj/data/tileset/base.rel                 [ base ]
obj/data/tileset/projectilebosssprites.rel
                                          [ projectilebosssprites ]
obj/data/tileset/projectiledaggersprites.rel
                                          [ projectiledaggersprites ]
obj/data/tileset/projectilefireballsprites.rel
                                          [ projectilefireballsprites ]
obj/data/tileset/projectileharpysprites.rel
                                          [ projectileharpysprites ]
obj/data/tileset/projectileimpfiresprites.rel
                                          [ projectileimpfiresprites ]
obj/data/tileset/projectilelancesprites.rel
                                          [ projectilelancesprites ]
obj/data/sprites/playerknight.rel         [ playerknight ]
obj/data/assets/checkpointflamesprites.rel
                                          [ checkpointflamesprites ]
obj/data/assets/enemybosssprites.rel      [ enemybosssprites ]
obj/data/assets/enemyharpysprites.rel     [ enemyharpysprites ]
obj/data/assets/enemyimpsprites.rel       [ enemyimpsprites ]
obj/data/assets/enemyminotaursprites.rel  [ enemyminotaursprites ]
obj/data/assets/enemyskeletonsprites.rel  [ enemyskeletonsprites ]
obj/data/assets/enemyzombiesprites.rel    [ enemyzombiesprites ]
obj/data/assets/explosionsprites.rel      [ explosionsprites ]
obj/data/assets/playerknightsprites.rel   [ playerknightsprites ]
obj/data/assets/powerupdaggersprites.rel  [ powerupdaggersprites ]
obj/data/assets/powerupfiresprites.rel    [ powerupfiresprites ]
obj/data/assets/poweruplancesprites.rel   [ poweruplancesprites ]
obj/data/hud/chars.rel                    [ chars ]
obj/data/hud/healthbar.rel                [ healthbar ]
obj/entities/enemy.rel                    [ enemy ]
obj/entities/player.rel                   [ player ]
obj/entities/projectile.rel               [ projectile ]


Libraries Linked                          [ object file ]

/Users/rafagranados/Develop/charlas/48HSK/retrofactory/cpc-studio-v2_1-code/tools/cpctelera/cpctelera/tools/sdcc-3.6.8-r9946/bin/../share/sdcc/lib/z80/z80.lib
                                          [ divunsigned.rel ]
/Users/rafagranados/Develop/charlas/48HSK/retrofactory/cpc-studio-v2_1-code/tools/cpctelera/cpctelera/cpctelera.lib
                                          [ cpct_isKeyPressed.rel ]
/Users/rafagranados/Develop/charlas/48HSK/retrofactory/cpc-studio-v2_1-code/tools/cpctelera/cpctelera/cpctelera.lib
                                          [ cpct_scanKeyboard_f.rel ]
/Users/rafagranados/Develop/charlas/48HSK/retrofactory/cpc-studio-v2_1-code/tools/cpctelera/cpctelera/cpctelera.lib
                                          [ cpct_setPalette_cbindings.rel ]
/Users/rafagranados/Develop/charlas/48HSK/retrofactory/cpc-studio-v2_1-code/tools/cpctelera/cpctelera/cpctelera.lib
                                          [ cpct_setPALColour_cbindings.rel ]
/Users/rafagranados/Develop/charlas/48HSK/retrofactory/cpc-studio-v2_1-code/tools/cpctelera/cpctelera/cpctelera.lib
                                          [ cpct_drawSprite_cbindings.rel ]
/Users/rafagranados/Develop/charlas/48HSK/retrofactory/cpc-studio-v2_1-code/tools/cpctelera/cpctelera/tools/sdcc-3.6.8-r9946/bin/../share/sdcc/lib/z80/z80.lib
                                          [ modunsigned.rel ]
/Users/rafagranados/Develop/charlas/48HSK/retrofactory/cpc-studio-v2_1-code/tools/cpctelera/cpctelera/cpctelera.lib
                                          [ keyboard.rel ]
/Users/rafagranados/Develop/charlas/48HSK/retrofactory/cpc-studio-v2_1-code/tools/cpctelera/cpctelera/cpctelera.lib
                                          [ cpct_waitVSYNC.rel ]
/Users/rafagranados/Develop/charlas/48HSK/retrofactory/cpc-studio-v2_1-code/tools/cpctelera/cpctelera/cpctelera.lib
                                          [ cpct_setVideoMode_cbindings.rel ]
/Users/rafagranados/Develop/charlas/48HSK/retrofactory/cpc-studio-v2_1-code/tools/cpctelera/cpctelera/cpctelera.lib
                                          [ cpct_px2byteM0_cbindings.rel ]
/Users/rafagranados/Develop/charlas/48HSK/retrofactory/cpc-studio-v2_1-code/tools/cpctelera/cpctelera/cpctelera.lib
                                          [ cpct_memset_cbinding.rel ]
/Users/rafagranados/Develop/charlas/48HSK/retrofactory/cpc-studio-v2_1-code/tools/cpctelera/cpctelera/cpctelera.lib
                                          [ cpct_removeInterruptHandler.rel ]
/Users/rafagranados/Develop/charlas/48HSK/retrofactory/cpc-studio-v2_1-code/tools/cpctelera/cpctelera/cpctelera.lib
                                          [ cpct_drawSolidBox_cbindings.rel ]
/Users/rafagranados/Develop/charlas/48HSK/retrofactory/cpc-studio-v2_1-code/tools/cpctelera/cpctelera/cpctelera.lib
                                          [ cpc_mode_rom_status.rel ]
/Users/rafagranados/Develop/charlas/48HSK/retrofactory/cpc-studio-v2_1-code/tools/cpctelera/cpctelera/cpctelera.lib
                                          [ cpct_getScreenPtr_cbindings.rel ]
/Users/rafagranados/Develop/charlas/48HSK/retrofactory/cpc-studio-v2_1-code/tools/cpctelera/cpctelera/cpctelera.lib
                                          [ cpct_dc_mode0_ct.rel ]

ASxxxx Linker V03.00 + NoICE + sdld,  page 8.

User Base Address Definitions

_CODE = 0x4000
_DATA = 0x0000

