ASxxxx Linker V03.00 + NoICE + sdld,  page 1.
Hexadecimal  [32-Bits]

Area                                    Addr        Size        Decimal Bytes (Attributes)
--------------------------------        ----        ----        ------- ----- ------------
.  .ABS.                            00000000    00000000 =           0. bytes (ABS,CON)

      Value  Global                              Global Defined In Module
      -----  --------------------------------   ------------------------
     00000000  .__.ABS.                           cpct_strings
     00000000  l__CABS                         
     00000000  l__DABS                         
     00000000  l__GSFINAL                      
     00000000  l__GSINIT                       
     00000000  l__HOME                         
     00000000  s__CABS                         
     00000000  s__DABS                         
     00000007  l__INITIALIZED                  
     00000007  l__INITIALIZER                  
     000000AE  l__DATA                         
     000023D5  l__CODE                         
     00004000  s__CODE                         
     000063D5  s__DATA                         
     00006483  s__INITIALIZED                  
     0000648A  s__GSFINAL                      
     0000648A  s__GSINIT                       
     0000648A  s__HOME                         
     0000648A  s__INITIALIZER                  

ASxxxx Linker V03.00 + NoICE + sdld,  page 2.
Hexadecimal  [32-Bits]

Area                                    Addr        Size        Decimal Bytes (Attributes)
--------------------------------        ----        ----        ------- ----- ------------
_CODE                               00004000    000023D5 =        9173. bytes (REL,CON)

      Value  Global                              Global Defined In Module
      -----  --------------------------------   ------------------------
     000042B3  _game_init                         game
     00004383  _game_update                       game
     000049A9  _game_render                       game
     00004C96  _cpc_entry_wrapper                 main
     00004C96  cpc_run_address                    main
     00004CAD  _main                              main
     00004CBF  _collision_init                    collision
     00004CE1  _collision_is_on_ground            collision
     00004CFB  _collision_is_on_ground_at         collision
     00004D60  _collision_clamp_y_to_ground       collision
     00004D7A  _collision_clamp_y_at              collision
     00004E11  _collision_is_on_trap              collision
     00004E36  _collision_is_on_ladder            collision
     000050C4  _hudinit                           hud
     000050DF  _hudupdate                         hud
     00005110  _hudrender                         hud
     000051CF  _input_update                      input
     00005220  _input_is_left_pressed             input
     00005228  _input_is_right_pressed            input
     00005230  _input_is_up_pressed               input
     00005238  _input_is_down_pressed             input
     00005240  _input_is_jump_pressed             input
     00005248  _input_is_jump_just_pressed        input
     0000525A  _input_is_shoot_pressed            input
     00005262  _input_is_shoot_just_pressed       input
     00005274  _tilemap_init                      tilemap
     000052A0  _tilemap_render                    tilemap
     00005341  _tilemap_ground_y                  tilemap
     00005349  _tilemap_platform_y_at             tilemap
     0000537B  _tilemap_is_trap                   tilemap
     000053DF  _tilemap_is_ladder                 tilemap
     000053E2  _tilemap_is_hidden_zone            tilemap
     000053E5  _tilemap_goal_x                    tilemap
     000053ED  _level1tilemapwidth                level1
     000053EF  _level1tilemapheight               level1
     000053F1  _level1tilemap                     level1
     0000540F  _level1tileproperties              level1
     00005411  _gpalette                          level1
     00005421  _tilesetbase_data                  base
     00005441  _tileset_background_data           tilesetbackground
     00005461  _tileset_foreground_data           tilesetforeground
     00005481  _spritesheet_enemies_data          itesheetenemies
     000054A1  _spritesheet_player_data           itesheetplayer
     000054E1  _spritesheet_projectiles_data      itesheetprojectiles
     00005501  _sprplayerknight_data              playerknight
     00005541  _hud_elements_data                 elements
     00005561  _hudhealthbar_data                 healthbar
     00005581  _enemyinit                         enemy
     0000573C  _enemyspawn                        enemy
     00005914  _enemyupdate                       enemy
ASxxxx Linker V03.00 + NoICE + sdld,  page 3.
Hexadecimal  [32-Bits]

Area                                    Addr        Size        Decimal Bytes (Attributes)
--------------------------------        ----        ----        ------- ----- ------------
_CODE                               00004000    000023D5 =        9173. bytes (REL,CON)

      Value  Global                              Global Defined In Module
      -----  --------------------------------   ------------------------
     00005B20  _enemyrender                       enemy
     00005BB2  _enemydamage                       enemy
     00005BF2  _playerinit                        player
     00005C38  _playerupdate                      player
     00005E84  _playerrender                      player
     00005ED1  _player_get_ammo                   player
     00005ED4  _player_get_health                 player
     00005EEA  _player_get_weapon                 player
     00005F00  _projectileinit                    projectile
     00005F5D  _projectilefire                    projectile
     0000601B  _projectileupdate                  projectile
     0000607A  _projectilerender                  projectile
     000060FC  __divuint                          
     00006104  __divuchar                         
     0000610B  __divu8                            
     0000610E  __divu16                           
     0000613D  _cpct_isKeyPressed                 cpct_keyboard
     0000613D  cpct_isKeyPressed_asm              cpct_keyboard
     00006149  _cpct_scanKeyboard_f               cpct_keyboard
     00006149  cpct_scanKeyboard_f_asm            cpct_keyboard
     000061B3  _cpct_setPalette                   cpct_video
     000061CA  _cpct_setPALColour                 cpct_video
     000061D6  _cpct_drawSprite                   cpct_sprites
     0000627B  __moduchar                         
     00006287  __moduint                          
     00006292  _cpct_keyboardStatusBuffer         cpct_keyboard
     0000629C  _cpct_waitVSYNC                    cpct_video
     0000629C  cpct_waitVSYNC_asm                 cpct_video
     000062A4  _cpct_setVideoMode                 cpct_video
     000062B2  _cpct_px2byteM0                    cpct_sprites
     000062CE  _cpct_memset                       cpct_memutils
     000062DC  _cpct_disableFirmware              cpct_firmware
     000062DC  _cpct_removeInterruptHandler       cpct_firmware
     000062DC  cpct_disableFirmware_asm           cpct_firmware
     000062DC  cpct_removeInterruptHandler_asm    cpct_firmware
     000062EC  _cpct_drawSolidBox                 cpct_sprites
     000063A4  _cpct_mode_rom_status              cpct_firmware
     000063A5  _cpct_getScreenPtr                 cpct_video
     000063C5  dc_mode0_ct                        cpct_strings

ASxxxx Linker V03.00 + NoICE + sdld,  page 4.
Hexadecimal  [32-Bits]

Area                                    Addr        Size        Decimal Bytes (Attributes)
--------------------------------        ----        ----        ------- ----- ------------
_DATA                               000063D5    000000AE =         174. bytes (REL,CON)

      Value  Global                              Global Defined In Module
      -----  --------------------------------   ------------------------
ASxxxx Linker V03.00 + NoICE + sdld,  page 5.
Hexadecimal  [32-Bits]

Area                                    Addr        Size        Decimal Bytes (Attributes)
--------------------------------        ----        ----        ------- ----- ------------
_INITIALIZED                        00006483    00000007 =           7. bytes (REL,CON)

      Value  Global                              Global Defined In Module
      -----  --------------------------------   ------------------------
ASxxxx Linker V03.00 + NoICE + sdld,  page 6.
Hexadecimal  [32-Bits]

Area                                    Addr        Size        Decimal Bytes (Attributes)
--------------------------------        ----        ----        ------- ----- ------------
_INITIALIZER                        0000648A    00000007 =           7. bytes (REL,CON)

      Value  Global                              Global Defined In Module
      -----  --------------------------------   ------------------------
ASxxxx Linker V03.00 + NoICE + sdld,  page 7.

Files Linked                              [ module(s) ]

obj/game.rel                              [ game ]
obj/main.rel                              [ main ]
obj/systems/collision.rel                 [ collision ]
obj/systems/hud.rel                       [ hud ]
obj/systems/input.rel                     [ input ]
obj/systems/tilemap.rel                   [ tilemap ]
obj/data/level1.rel                       [ level1 ]
obj/data/tileset/base.rel                 [ base ]
obj/data/tileset/tilesetbackground.rel    [ tilesetbackground ]
obj/data/tileset/tilesetforeground.rel    [ tilesetforeground ]
obj/data/sprites/itesheetenemies.rel      [ itesheetenemies ]
obj/data/sprites/itesheetplayer.rel       [ itesheetplayer ]
obj/data/sprites/itesheetprojectiles.rel  [ itesheetprojectiles ]
obj/data/sprites/playerknight.rel         [ playerknight ]
obj/data/hud/elements.rel                 [ elements ]
obj/data/hud/healthbar.rel                [ healthbar ]
obj/entities/enemy.rel                    [ enemy ]
obj/entities/player.rel                   [ player ]
obj/entities/projectile.rel               [ projectile ]


Libraries Linked                          [ object file ]

/Users/rafagranados/Develop/charlas/48HSK/retrofactory/cpc-studio-v2_1-code/tools/cpctelera/cpctelera/tools/sdcc-3.6.8-r9946/bin/../share/sdcc/lib/z80/z80.lib
                                          [ divunsigned.rel ]
/Users/rafagranados/Develop/charlas/48HSK/retrofactory/cpc-studio-v2_1-code/tools/cpctelera/cpctelera/cpctelera.lib
                                          [ cpct_isKeyPressed.rel ]
/Users/rafagranados/Develop/charlas/48HSK/retrofactory/cpc-studio-v2_1-code/tools/cpctelera/cpctelera/cpctelera.lib
                                          [ cpct_scanKeyboard_f.rel ]
/Users/rafagranados/Develop/charlas/48HSK/retrofactory/cpc-studio-v2_1-code/tools/cpctelera/cpctelera/cpctelera.lib
                                          [ cpct_setPalette_cbindings.rel ]
/Users/rafagranados/Develop/charlas/48HSK/retrofactory/cpc-studio-v2_1-code/tools/cpctelera/cpctelera/cpctelera.lib
                                          [ cpct_setPALColour_cbindings.rel ]
/Users/rafagranados/Develop/charlas/48HSK/retrofactory/cpc-studio-v2_1-code/tools/cpctelera/cpctelera/cpctelera.lib
                                          [ cpct_drawSprite_cbindings.rel ]
/Users/rafagranados/Develop/charlas/48HSK/retrofactory/cpc-studio-v2_1-code/tools/cpctelera/cpctelera/tools/sdcc-3.6.8-r9946/bin/../share/sdcc/lib/z80/z80.lib
                                          [ modunsigned.rel ]
/Users/rafagranados/Develop/charlas/48HSK/retrofactory/cpc-studio-v2_1-code/tools/cpctelera/cpctelera/cpctelera.lib
                                          [ keyboard.rel ]
/Users/rafagranados/Develop/charlas/48HSK/retrofactory/cpc-studio-v2_1-code/tools/cpctelera/cpctelera/cpctelera.lib
                                          [ cpct_waitVSYNC.rel ]
/Users/rafagranados/Develop/charlas/48HSK/retrofactory/cpc-studio-v2_1-code/tools/cpctelera/cpctelera/cpctelera.lib
                                          [ cpct_setVideoMode_cbindings.rel ]
/Users/rafagranados/Develop/charlas/48HSK/retrofactory/cpc-studio-v2_1-code/tools/cpctelera/cpctelera/cpctelera.lib
                                          [ cpct_px2byteM0_cbindings.rel ]
/Users/rafagranados/Develop/charlas/48HSK/retrofactory/cpc-studio-v2_1-code/tools/cpctelera/cpctelera/cpctelera.lib
                                          [ cpct_memset_cbinding.rel ]
/Users/rafagranados/Develop/charlas/48HSK/retrofactory/cpc-studio-v2_1-code/tools/cpctelera/cpctelera/cpctelera.lib
                                          [ cpct_removeInterruptHandler.rel ]
/Users/rafagranados/Develop/charlas/48HSK/retrofactory/cpc-studio-v2_1-code/tools/cpctelera/cpctelera/cpctelera.lib
                                          [ cpct_drawSolidBox_cbindings.rel ]
/Users/rafagranados/Develop/charlas/48HSK/retrofactory/cpc-studio-v2_1-code/tools/cpctelera/cpctelera/cpctelera.lib
                                          [ cpc_mode_rom_status.rel ]
/Users/rafagranados/Develop/charlas/48HSK/retrofactory/cpc-studio-v2_1-code/tools/cpctelera/cpctelera/cpctelera.lib
                                          [ cpct_getScreenPtr_cbindings.rel ]
/Users/rafagranados/Develop/charlas/48HSK/retrofactory/cpc-studio-v2_1-code/tools/cpctelera/cpctelera/cpctelera.lib
                                          [ cpct_dc_mode0_ct.rel ]

ASxxxx Linker V03.00 + NoICE + sdld,  page 8.

User Base Address Definitions

_CODE = 0x4000
_DATA = 0x0000

