ASxxxx Linker V03.00 + NoICE + sdld,  page 1.
Hexadecimal  [32-Bits]

Area                                    Addr        Size        Decimal Bytes (Attributes)
--------------------------------        ----        ----        ------- ----- ------------
.  .ABS.                            00000000    00000000 =           0. bytes (ABS,CON)

      Value  Global                              Global Defined In Module
      -----  --------------------------------   ------------------------
     00000000  .__.ABS.                           cpct_strings
     00000000  l__CABS                         
     00000000  l__DABS                         
     00000000  l__GSFINAL                      
     00000000  l__GSINIT                       
     00000000  l__HOME                         
     00000000  s__CABS                         
     00000000  s__DABS                         
     00000007  l__INITIALIZED                  
     00000007  l__INITIALIZER                  
     000000AE  l__DATA                         
     0000275D  l__CODE                         
     00004000  s__CODE                         
     0000675D  s__DATA                         
     0000680B  s__INITIALIZED                  
     00006812  s__GSFINAL                      
     00006812  s__GSINIT                       
     00006812  s__HOME                         
     00006812  s__INITIALIZER                  

ASxxxx Linker V03.00 + NoICE + sdld,  page 2.
Hexadecimal  [32-Bits]

Area                                    Addr        Size        Decimal Bytes (Attributes)
--------------------------------        ----        ----        ------- ----- ------------
_CODE                               00004000    0000275D =       10077. bytes (REL,CON)

      Value  Global                              Global Defined In Module
      -----  --------------------------------   ------------------------
     000042B3  _game_init                         game
     00004383  _game_update                       game
     000049A9  _game_render                       game
     00004B5C  _cpc_entry_wrapper                 main
     00004B5C  cpc_run_address                    main
     00004B73  _main                              main
     00004B85  _collision_init                    collision
     00004BA7  _collision_is_on_ground            collision
     00004BC1  _collision_is_on_ground_at         collision
     00004C26  _collision_clamp_y_to_ground       collision
     00004C40  _collision_clamp_y_at              collision
     00004CD7  _collision_is_on_trap              collision
     00004CFC  _collision_is_on_ladder            collision
     00004FAA  _hudinit                           hud
     00004FC5  _hudupdate                         hud
     00004FF6  _hudrender                         hud
     000050B5  _input_update                      input
     00005106  _input_is_left_pressed             input
     0000510E  _input_is_right_pressed            input
     00005116  _input_is_up_pressed               input
     0000511E  _input_is_down_pressed             input
     00005126  _input_is_jump_pressed             input
     0000512E  _input_is_jump_just_pressed        input
     00005140  _input_is_shoot_pressed            input
     00005148  _input_is_shoot_just_pressed       input
     0000515A  _tilemap_init                      tilemap
     00005186  _tilemap_render                    tilemap
     00005227  _tilemap_ground_y                  tilemap
     0000522F  _tilemap_platform_y_at             tilemap
     00005261  _tilemap_is_trap                   tilemap
     000052C5  _tilemap_is_ladder                 tilemap
     000052C8  _tilemap_is_hidden_zone            tilemap
     000052CB  _tilemap_goal_x                    tilemap
     000052D3  _level1tilemapwidth                level1
     000052D5  _level1tilemapheight               level1
     000052D7  _level1tilemap                     level1
     000052F5  _level1tileproperties              level1
     000052F7  _gpalette                          level1
     00005307  _tilesetbase_data                  base
     00005327  _lance_sprite                      projectilesprites
     0000532F  _arrow_sprite                      projectilesprites
     00005333  _tileset_data                      tileset
     00005353  _sprplayerknight_data              playerknight
     00005393  _zombie_idle_sprite                enemysprites
     000053C3  _zombie_idle_mask                  enemysprites
     000053F3  _zombie_walk_sprite                enemysprites
     00005423  _zombie_walk_mask                  enemysprites
     00005453  _archer_idle_sprite                enemysprites
     00005483  _archer_idle_mask                  enemysprites
     000054B3  _archer_attack_sprite              enemysprites
ASxxxx Linker V03.00 + NoICE + sdld,  page 3.
Hexadecimal  [32-Bits]

Area                                    Addr        Size        Decimal Bytes (Attributes)
--------------------------------        ----        ----        ------- ----- ------------
_CODE                               00004000    0000275D =       10077. bytes (REL,CON)

      Value  Global                              Global Defined In Module
      -----  --------------------------------   ------------------------
     000054E3  _archer_attack_mask                enemysprites
     00005513  _player_idle_sprite                playersprites
     00005553  _player_idle_mask                  playersprites
     00005593  _player_run_sprite                 playersprites
     000055D3  _player_run_mask                   playersprites
     00005613  _player_jump_sprite                playersprites
     00005653  _player_jump_mask                  playersprites
     00005693  _player_attack_sprite              playersprites
     000056D3  _player_attack_mask                playersprites
     00005713  _player_hit_sprite                 playersprites
     00005753  _player_hit_mask                   playersprites
     00005793  _player_fall_sprite                playersprites
     000057D3  _player_fall_mask                  playersprites
     00005813  _player_death_sprite               playersprites
     00005853  _player_death_mask                 playersprites
     00005893  _hudhealthbar_data                 healthbar
     000058B3  _hud_sprites_data                  sprites
     000058D3  _enemyinit                         enemy
     00005A8E  _enemyspawn                        enemy
     00005C66  _enemyupdate                       enemy
     00005E72  _enemyrender                       enemy
     00005F04  _enemydamage                       enemy
     00005F44  _playerinit                        player
     00005FCA  _playerupdate                      player
     00006216  _playerrender                      player
     00006263  _player_get_health                 player
     00006279  _player_get_weapon                 player
     0000628F  _projectileinit                    projectile
     000062EC  _projectilefire                    projectile
     000063A3  _projectileupdate                  projectile
     00006402  _projectilerender                  projectile
     00006484  __divuint                          
     0000648C  __divuchar                         
     00006493  __divu8                            
     00006496  __divu16                           
     000064C5  _cpct_isKeyPressed                 cpct_keyboard
     000064C5  cpct_isKeyPressed_asm              cpct_keyboard
     000064D1  _cpct_scanKeyboard_f               cpct_keyboard
     000064D1  cpct_scanKeyboard_f_asm            cpct_keyboard
     0000653B  _cpct_setPalette                   cpct_video
     00006552  _cpct_setPALColour                 cpct_video
     0000655E  _cpct_drawSprite                   cpct_sprites
     00006603  __moduchar                         
     0000660F  __moduint                          
     0000661A  _cpct_keyboardStatusBuffer         cpct_keyboard
     00006624  _cpct_waitVSYNC                    cpct_video
     00006624  cpct_waitVSYNC_asm                 cpct_video
     0000662C  _cpct_setVideoMode                 cpct_video
     0000663A  _cpct_px2byteM0                    cpct_sprites
     00006656  _cpct_memset                       cpct_memutils
     00006664  _cpct_disableFirmware              cpct_firmware
ASxxxx Linker V03.00 + NoICE + sdld,  page 4.
Hexadecimal  [32-Bits]

Area                                    Addr        Size        Decimal Bytes (Attributes)
--------------------------------        ----        ----        ------- ----- ------------
_CODE                               00004000    0000275D =       10077. bytes (REL,CON)

      Value  Global                              Global Defined In Module
      -----  --------------------------------   ------------------------
     00006664  _cpct_removeInterruptHandler       cpct_firmware
     00006664  cpct_disableFirmware_asm           cpct_firmware
     00006664  cpct_removeInterruptHandler_asm    cpct_firmware
     00006674  _cpct_drawSolidBox                 cpct_sprites
     0000672C  _cpct_mode_rom_status              cpct_firmware
     0000672D  _cpct_getScreenPtr                 cpct_video
     0000674D  dc_mode0_ct                        cpct_strings
ASxxxx Linker V03.00 + NoICE + sdld,  page 5.
Hexadecimal  [32-Bits]

Area                                    Addr        Size        Decimal Bytes (Attributes)
--------------------------------        ----        ----        ------- ----- ------------
_DATA                               0000675D    000000AE =         174. bytes (REL,CON)

      Value  Global                              Global Defined In Module
      -----  --------------------------------   ------------------------
ASxxxx Linker V03.00 + NoICE + sdld,  page 6.
Hexadecimal  [32-Bits]

Area                                    Addr        Size        Decimal Bytes (Attributes)
--------------------------------        ----        ----        ------- ----- ------------
_INITIALIZED                        0000680B    00000007 =           7. bytes (REL,CON)

      Value  Global                              Global Defined In Module
      -----  --------------------------------   ------------------------
ASxxxx Linker V03.00 + NoICE + sdld,  page 7.
Hexadecimal  [32-Bits]

Area                                    Addr        Size        Decimal Bytes (Attributes)
--------------------------------        ----        ----        ------- ----- ------------
_INITIALIZER                        00006812    00000007 =           7. bytes (REL,CON)

      Value  Global                              Global Defined In Module
      -----  --------------------------------   ------------------------
ASxxxx Linker V03.00 + NoICE + sdld,  page 8.

Files Linked                              [ module(s) ]

obj/game.rel                              [ game ]
obj/main.rel                              [ main ]
obj/systems/collision.rel                 [ collision ]
obj/systems/hud.rel                       [ hud ]
obj/systems/input.rel                     [ input ]
obj/systems/tilemap.rel                   [ tilemap ]
obj/data/level1.rel                       [ level1 ]
obj/data/tileset/base.rel                 [ base ]
obj/data/tileset/projectilesprites.rel    [ projectilesprites ]
obj/data/tileset/tileset.rel              [ tileset ]
obj/data/sprites/playerknight.rel         [ playerknight ]
obj/data/assets/enemysprites.rel          [ enemysprites ]
obj/data/assets/playersprites.rel         [ playersprites ]
obj/data/hud/healthbar.rel                [ healthbar ]
obj/data/hud/sprites.rel                  [ sprites ]
obj/entities/enemy.rel                    [ enemy ]
obj/entities/player.rel                   [ player ]
obj/entities/projectile.rel               [ projectile ]


Libraries Linked                          [ object file ]

/Users/rafagranados/Develop/charlas/48HSK/retrofactory/cpc-studio-v2_1-code/tools/cpctelera/cpctelera/tools/sdcc-3.6.8-r9946/bin/../share/sdcc/lib/z80/z80.lib
                                          [ divunsigned.rel ]
/Users/rafagranados/Develop/charlas/48HSK/retrofactory/cpc-studio-v2_1-code/tools/cpctelera/cpctelera/cpctelera.lib
                                          [ cpct_isKeyPressed.rel ]
/Users/rafagranados/Develop/charlas/48HSK/retrofactory/cpc-studio-v2_1-code/tools/cpctelera/cpctelera/cpctelera.lib
                                          [ cpct_scanKeyboard_f.rel ]
/Users/rafagranados/Develop/charlas/48HSK/retrofactory/cpc-studio-v2_1-code/tools/cpctelera/cpctelera/cpctelera.lib
                                          [ cpct_setPalette_cbindings.rel ]
/Users/rafagranados/Develop/charlas/48HSK/retrofactory/cpc-studio-v2_1-code/tools/cpctelera/cpctelera/cpctelera.lib
                                          [ cpct_setPALColour_cbindings.rel ]
/Users/rafagranados/Develop/charlas/48HSK/retrofactory/cpc-studio-v2_1-code/tools/cpctelera/cpctelera/cpctelera.lib
                                          [ cpct_drawSprite_cbindings.rel ]
/Users/rafagranados/Develop/charlas/48HSK/retrofactory/cpc-studio-v2_1-code/tools/cpctelera/cpctelera/tools/sdcc-3.6.8-r9946/bin/../share/sdcc/lib/z80/z80.lib
                                          [ modunsigned.rel ]
/Users/rafagranados/Develop/charlas/48HSK/retrofactory/cpc-studio-v2_1-code/tools/cpctelera/cpctelera/cpctelera.lib
                                          [ keyboard.rel ]
/Users/rafagranados/Develop/charlas/48HSK/retrofactory/cpc-studio-v2_1-code/tools/cpctelera/cpctelera/cpctelera.lib
                                          [ cpct_waitVSYNC.rel ]
/Users/rafagranados/Develop/charlas/48HSK/retrofactory/cpc-studio-v2_1-code/tools/cpctelera/cpctelera/cpctelera.lib
                                          [ cpct_setVideoMode_cbindings.rel ]
/Users/rafagranados/Develop/charlas/48HSK/retrofactory/cpc-studio-v2_1-code/tools/cpctelera/cpctelera/cpctelera.lib
                                          [ cpct_px2byteM0_cbindings.rel ]
/Users/rafagranados/Develop/charlas/48HSK/retrofactory/cpc-studio-v2_1-code/tools/cpctelera/cpctelera/cpctelera.lib
                                          [ cpct_memset_cbinding.rel ]
/Users/rafagranados/Develop/charlas/48HSK/retrofactory/cpc-studio-v2_1-code/tools/cpctelera/cpctelera/cpctelera.lib
                                          [ cpct_removeInterruptHandler.rel ]
/Users/rafagranados/Develop/charlas/48HSK/retrofactory/cpc-studio-v2_1-code/tools/cpctelera/cpctelera/cpctelera.lib
                                          [ cpct_drawSolidBox_cbindings.rel ]
/Users/rafagranados/Develop/charlas/48HSK/retrofactory/cpc-studio-v2_1-code/tools/cpctelera/cpctelera/cpctelera.lib
                                          [ cpc_mode_rom_status.rel ]
/Users/rafagranados/Develop/charlas/48HSK/retrofactory/cpc-studio-v2_1-code/tools/cpctelera/cpctelera/cpctelera.lib
                                          [ cpct_getScreenPtr_cbindings.rel ]
/Users/rafagranados/Develop/charlas/48HSK/retrofactory/cpc-studio-v2_1-code/tools/cpctelera/cpctelera/cpctelera.lib
                                          [ cpct_dc_mode0_ct.rel ]

ASxxxx Linker V03.00 + NoICE + sdld,  page 9.

User Base Address Definitions

_CODE = 0x4000
_DATA = 0x0000

