ASxxxx Linker V03.00 + NoICE + sdld,  page 1.
Hexadecimal  [32-Bits]

Area                                    Addr        Size        Decimal Bytes (Attributes)
--------------------------------        ----        ----        ------- ----- ------------
.  .ABS.                            00000000    00000000 =           0. bytes (ABS,CON)

      Value  Global                              Global Defined In Module
      -----  --------------------------------   ------------------------
     00000000  .__.ABS.                           cpct_strings
     00000000  l__CABS                         
     00000000  l__DABS                         
     00000000  l__GSFINAL                      
     00000000  l__GSINIT                       
     00000000  l__HOME                         
     00000000  s__CABS                         
     00000000  s__DABS                         
     00000009  l__INITIALIZED                  
     00000009  l__INITIALIZER                  
     000001B8  l__DATA                         
     00002BD5  l__CODE                         
     00004000  s__CODE                         
     00006BD5  s__DATA                         
     00006D8D  s__INITIALIZED                  
     00006D96  s__GSFINAL                      
     00006D96  s__GSINIT                       
     00006D96  s__HOME                         
     00006D96  s__INITIALIZER                  

ASxxxx Linker V03.00 + NoICE + sdld,  page 2.
Hexadecimal  [32-Bits]

Area                                    Addr        Size        Decimal Bytes (Attributes)
--------------------------------        ----        ----        ------- ----- ------------
_CODE                               00004000    00002BD5 =       11221. bytes (REL,CON)

      Value  Global                              Global Defined In Module
      -----  --------------------------------   ------------------------
     00004000  ___game_entry_jp                   game
     000042B8  _game_init                         game
     000043B5  _game_update                       game
     00004B1D  _game_render                       game
     00005269  _cpc_entry_wrapper                 main
     00005269  cpc_run_address                    main
     00005280  _main                              main
     00005292  _collision_init                    collision
     000052B4  _collision_is_on_ground            collision
     000052CE  _collision_is_on_ground_at         collision
     00005333  _collision_clamp_y_to_ground       collision
     0000534D  _collision_clamp_y_at              collision
     000053E3  _collision_is_on_trap              collision
     00005408  _collision_is_on_ladder            collision
     00005696  _hudinit                           hud
     000056B1  _hudupdate                         hud
     000056E2  _hudrender                         hud
     000057A1  _input_update                      input
     000058D7  _input_is_left_pressed             input
     000058DF  _input_is_right_pressed            input
     000058E7  _input_is_up_pressed               input
     000058EF  _input_is_down_pressed             input
     000058F7  _input_is_jump_pressed             input
     000058FF  _input_is_jump_just_pressed        input
     00005911  _input_is_shoot_pressed            input
     00005919  _input_is_shoot_just_pressed       input
     0000592B  _tilemap_init                      tilemap
     00005957  _tilemap_render                    tilemap
     00005A18  _tilemap_ground_y                  tilemap
     00005A20  _tilemap_platform_y_at             tilemap
     00005A52  _tilemap_is_trap                   tilemap
     00005AB6  _tilemap_is_ladder                 tilemap
     00005AB9  _tilemap_is_hidden_zone            tilemap
     00005ABC  _tilemap_goal_x                    tilemap
     00005AC4  _level1tilemapwidth                level1
     00005AC6  _level1tilemapheight               level1
     00005AC8  _level1tilemap                     level1
     00005AE6  _level1tileproperties              level1
     00005AE8  _gpalette                          level1
     00005AF8  _tilesetbase_data                  base
     00005B18  _tileset_background_data           tilesetbackground
     00005B38  _tileset_traps_data                tilesettraps
     00005B58  _sprites_enemies_data              itesenemies
     00005B78  _sprites_player_data               itesplayer
     00005BB8  _sprites_player_weapons_data       itesplayerweapons
     00005BF8  _sprites_projectiles_data          itesprojectiles
     00005C18  _sprplayerknight_data              playerknight
     00005CD8  _hud_elements_data                 elements
     00005CF8  _hudhealthbar_data                 healthbar
     00005D18  _enemyinit                         enemy
ASxxxx Linker V03.00 + NoICE + sdld,  page 3.
Hexadecimal  [32-Bits]

Area                                    Addr        Size        Decimal Bytes (Attributes)
--------------------------------        ----        ----        ------- ----- ------------
_CODE                               00004000    00002BD5 =       11221. bytes (REL,CON)

      Value  Global                              Global Defined In Module
      -----  --------------------------------   ------------------------
     00005ED3  _enemyspawn                        enemy
     000060AB  _enemyupdate                       enemy
     000062B7  _enemyrender                       enemy
     00006349  _enemydamage                       enemy
     00006389  _playerinit                        player
     000063F9  _playerupdate                      player
     00006631  _playerrender                      player
     000066C3  _player_get_ammo                   player
     000066C6  _player_get_health                 player
     000066DC  _player_get_weapon                 player
     000066F2  _projectileinit                    projectile
     00006759  _projectilefire                    projectile
     00006810  _projectileupdate                  projectile
     0000686F  _projectilerender                  projectile
     000068F1  __divuint                          
     000068F9  __divuchar                         
     00006900  __divu8                            
     00006903  __divu16                           
     00006932  _cpct_isKeyPressed                 cpct_keyboard
     00006932  cpct_isKeyPressed_asm              cpct_keyboard
     0000693E  _cpct_setPalette                   cpct_video
     00006955  _cpct_setPALColour                 cpct_video
     00006961  _cpct_drawSprite                   cpct_sprites
     00006A06  __moduchar                         
     00006A12  __moduint                          
     00006A1D  _cpct_keyboardStatusBuffer         cpct_keyboard
     00006A27  _cpct_hflipSpriteM0                cpct_sprites
     00006A6B  _cpct_waitVSYNC                    cpct_video
     00006A6B  cpct_waitVSYNC_asm                 cpct_video
     00006A73  _cpct_setVideoMode                 cpct_video
     00006A81  _cpct_px2byteM0                    cpct_sprites
     00006A9D  _cpct_memset                       cpct_memutils
     00006AAB  _cpct_disableFirmware              cpct_firmware
     00006AAB  _cpct_removeInterruptHandler       cpct_firmware
     00006AAB  cpct_disableFirmware_asm           cpct_firmware
     00006AAB  cpct_removeInterruptHandler_asm    cpct_firmware
     00006ABB  _cpct_drawSolidBox                 cpct_sprites
     00006B73  _cpct_mode_rom_status              cpct_firmware
     00006B74  _cpct_scanKeyboard                 cpct_keyboard
     00006B74  cpct_scanKeyboard_asm              cpct_keyboard
     00006BA5  _cpct_getScreenPtr                 cpct_video
     00006BC5  dc_mode0_ct                        cpct_strings

ASxxxx Linker V03.00 + NoICE + sdld,  page 4.
Hexadecimal  [32-Bits]

Area                                    Addr        Size        Decimal Bytes (Attributes)
--------------------------------        ----        ----        ------- ----- ------------
_DATA                               00006BD5    000001B8 =         440. bytes (REL,CON)

      Value  Global                              Global Defined In Module
      -----  --------------------------------   ------------------------
ASxxxx Linker V03.00 + NoICE + sdld,  page 5.
Hexadecimal  [32-Bits]

Area                                    Addr        Size        Decimal Bytes (Attributes)
--------------------------------        ----        ----        ------- ----- ------------
_INITIALIZED                        00006D8D    00000009 =           9. bytes (REL,CON)

      Value  Global                              Global Defined In Module
      -----  --------------------------------   ------------------------
ASxxxx Linker V03.00 + NoICE + sdld,  page 6.
Hexadecimal  [32-Bits]

Area                                    Addr        Size        Decimal Bytes (Attributes)
--------------------------------        ----        ----        ------- ----- ------------
_INITIALIZER                        00006D96    00000009 =           9. bytes (REL,CON)

      Value  Global                              Global Defined In Module
      -----  --------------------------------   ------------------------
ASxxxx Linker V03.00 + NoICE + sdld,  page 7.

Files Linked                              [ module(s) ]

obj/game.rel                              [ game ]
obj/main.rel                              [ main ]
obj/systems/collision.rel                 [ collision ]
obj/systems/hud.rel                       [ hud ]
obj/systems/input.rel                     [ input ]
obj/systems/tilemap.rel                   [ tilemap ]
obj/data/level1.rel                       [ level1 ]
obj/data/tileset/base.rel                 [ base ]
obj/data/tileset/tilesetbackground.rel    [ tilesetbackground ]
obj/data/tileset/tilesettraps.rel         [ tilesettraps ]
obj/data/sprites/itesenemies.rel          [ itesenemies ]
obj/data/sprites/itesplayer.rel           [ itesplayer ]
obj/data/sprites/itesplayerweapons.rel    [ itesplayerweapons ]
obj/data/sprites/itesprojectiles.rel      [ itesprojectiles ]
obj/data/sprites/playerknight.rel         [ playerknight ]
obj/data/hud/elements.rel                 [ elements ]
obj/data/hud/healthbar.rel                [ healthbar ]
obj/entities/enemy.rel                    [ enemy ]
obj/entities/player.rel                   [ player ]
obj/entities/projectile.rel               [ projectile ]


Libraries Linked                          [ object file ]

/Users/rafagranados/Develop/charlas/48HSK/retrofactory/cpc-studio-v2_1-code/tools/cpctelera/cpctelera/tools/sdcc-3.6.8-r9946/bin/../share/sdcc/lib/z80/z80.lib
                                          [ divunsigned.rel ]
/Users/rafagranados/Develop/charlas/48HSK/retrofactory/cpc-studio-v2_1-code/tools/cpctelera/cpctelera/cpctelera.lib
                                          [ cpct_isKeyPressed.rel ]
/Users/rafagranados/Develop/charlas/48HSK/retrofactory/cpc-studio-v2_1-code/tools/cpctelera/cpctelera/cpctelera.lib
                                          [ cpct_setPalette_cbindings.rel ]
/Users/rafagranados/Develop/charlas/48HSK/retrofactory/cpc-studio-v2_1-code/tools/cpctelera/cpctelera/cpctelera.lib
                                          [ cpct_setPALColour_cbindings.rel ]
/Users/rafagranados/Develop/charlas/48HSK/retrofactory/cpc-studio-v2_1-code/tools/cpctelera/cpctelera/cpctelera.lib
                                          [ cpct_drawSprite_cbindings.rel ]
/Users/rafagranados/Develop/charlas/48HSK/retrofactory/cpc-studio-v2_1-code/tools/cpctelera/cpctelera/tools/sdcc-3.6.8-r9946/bin/../share/sdcc/lib/z80/z80.lib
                                          [ modunsigned.rel ]
/Users/rafagranados/Develop/charlas/48HSK/retrofactory/cpc-studio-v2_1-code/tools/cpctelera/cpctelera/cpctelera.lib
                                          [ keyboard.rel ]
/Users/rafagranados/Develop/charlas/48HSK/retrofactory/cpc-studio-v2_1-code/tools/cpctelera/cpctelera/cpctelera.lib
                                          [ cpct_hflipSpriteM0_cbindings.rel ]
/Users/rafagranados/Develop/charlas/48HSK/retrofactory/cpc-studio-v2_1-code/tools/cpctelera/cpctelera/cpctelera.lib
                                          [ cpct_waitVSYNC.rel ]
/Users/rafagranados/Develop/charlas/48HSK/retrofactory/cpc-studio-v2_1-code/tools/cpctelera/cpctelera/cpctelera.lib
                                          [ cpct_setVideoMode_cbindings.rel ]
/Users/rafagranados/Develop/charlas/48HSK/retrofactory/cpc-studio-v2_1-code/tools/cpctelera/cpctelera/cpctelera.lib
                                          [ cpct_px2byteM0_cbindings.rel ]
/Users/rafagranados/Develop/charlas/48HSK/retrofactory/cpc-studio-v2_1-code/tools/cpctelera/cpctelera/cpctelera.lib
                                          [ cpct_memset_cbinding.rel ]
/Users/rafagranados/Develop/charlas/48HSK/retrofactory/cpc-studio-v2_1-code/tools/cpctelera/cpctelera/cpctelera.lib
                                          [ cpct_removeInterruptHandler.rel ]
/Users/rafagranados/Develop/charlas/48HSK/retrofactory/cpc-studio-v2_1-code/tools/cpctelera/cpctelera/cpctelera.lib
                                          [ cpct_drawSolidBox_cbindings.rel ]
/Users/rafagranados/Develop/charlas/48HSK/retrofactory/cpc-studio-v2_1-code/tools/cpctelera/cpctelera/cpctelera.lib
                                          [ cpc_mode_rom_status.rel ]
/Users/rafagranados/Develop/charlas/48HSK/retrofactory/cpc-studio-v2_1-code/tools/cpctelera/cpctelera/cpctelera.lib
                                          [ cpct_scanKeyboard.rel ]
/Users/rafagranados/Develop/charlas/48HSK/retrofactory/cpc-studio-v2_1-code/tools/cpctelera/cpctelera/cpctelera.lib
                                          [ cpct_getScreenPtr_cbindings.rel ]
/Users/rafagranados/Develop/charlas/48HSK/retrofactory/cpc-studio-v2_1-code/tools/cpctelera/cpctelera/cpctelera.lib
                                          [ cpct_dc_mode0_ct.rel ]

ASxxxx Linker V03.00 + NoICE + sdld,  page 8.

User Base Address Definitions

_CODE = 0x4000
_DATA = 0x0000

