ASxxxx Linker V03.00 + NoICE + sdld,  page 1.
Hexadecimal  [32-Bits]

Area                                    Addr        Size        Decimal Bytes (Attributes)
--------------------------------        ----        ----        ------- ----- ------------
.  .ABS.                            00000000    00000000 =           0. bytes (ABS,CON)

      Value  Global                              Global Defined In Module
      -----  --------------------------------   ------------------------
     00000000  .__.ABS.                           cpct_strings
     00000000  l__CABS                         
     00000000  l__DABS                         
     00000000  l__GSFINAL                      
     00000000  l__GSINIT                       
     00000000  l__HOME                         
     00000000  s__CABS                         
     00000000  s__DABS                         
     00000007  l__INITIALIZED                  
     00000007  l__INITIALIZER                  
     000000AE  l__DATA                         
     000022D7  l__CODE                         
     00004000  s__CODE                         
     000062D7  s__DATA                         
     00006385  s__INITIALIZED                  
     0000638C  s__GSFINAL                      
     0000638C  s__GSINIT                       
     0000638C  s__HOME                         
     0000638C  s__INITIALIZER                  

ASxxxx Linker V03.00 + NoICE + sdld,  page 2.
Hexadecimal  [32-Bits]

Area                                    Addr        Size        Decimal Bytes (Attributes)
--------------------------------        ----        ----        ------- ----- ------------
_CODE                               00004000    000022D7 =        8919. bytes (REL,CON)

      Value  Global                              Global Defined In Module
      -----  --------------------------------   ------------------------
     000042B3  _game_init                         game
     00004383  _game_update                       game
     000049AB  _game_render                       game
     00004B5E  _cpc_entry_wrapper                 main
     00004B5E  cpc_run_address                    main
     00004B75  _main                              main
     00004B87  _collision_init                    collision
     00004BA9  _collision_is_on_ground            collision
     00004BC3  _collision_is_on_ground_at         collision
     00004C28  _collision_clamp_y_to_ground       collision
     00004C42  _collision_clamp_y_at              collision
     00004CD9  _collision_is_on_trap              collision
     00004CFE  _collision_is_on_ladder            collision
     00004F8C  _hudinit                           hud
     00004FA7  _hudupdate                         hud
     00004FD8  _hudrender                         hud
     00005097  _input_update                      input
     000050E8  _input_is_left_pressed             input
     000050F0  _input_is_right_pressed            input
     000050F8  _input_is_up_pressed               input
     00005100  _input_is_down_pressed             input
     00005108  _input_is_jump_pressed             input
     00005110  _input_is_jump_just_pressed        input
     00005122  _input_is_shoot_pressed            input
     0000512A  _input_is_shoot_just_pressed       input
     0000513C  _tilemap_init                      tilemap
     00005168  _tilemap_render                    tilemap
     00005209  _tilemap_ground_y                  tilemap
     00005211  _tilemap_platform_y_at             tilemap
     00005243  _tilemap_is_trap                   tilemap
     000052A7  _tilemap_is_ladder                 tilemap
     000052AA  _tilemap_is_hidden_zone            tilemap
     000052AD  _tilemap_goal_x                    tilemap
     000052B5  _level1tilemapwidth                level1
     000052B7  _level1tilemapheight               level1
     000052B9  _level1tilemap                     level1
     000052D7  _level1tileproperties              level1
     000052D9  _gpalette                          level1
     000052E9  _tilesetbase_data                  base
     00005309  _tileset_ground_data               tilesetground
     00005329  _tileset_platforms_data            tilesetplatforms
     00005349  _tileset_traps_data                tilesettraps
     00005369  _sprplayerknight_data              playerknight
     000053A9  _spr_projectiles_data              projectiles
     000053C9  _spr_skeletal_archer_data          skeletalarcher
     000053E9  _spr_zombie_shambler_data          zombieshambler
     00005409  _hudhealthbar_data                 healthbar
     00005429  _hud_lives_data                    lives
     00005449  _hud_score_data                    score
     00005469  _hud_weapon_data                   weapon
ASxxxx Linker V03.00 + NoICE + sdld,  page 3.
Hexadecimal  [32-Bits]

Area                                    Addr        Size        Decimal Bytes (Attributes)
--------------------------------        ----        ----        ------- ----- ------------
_CODE                               00004000    000022D7 =        8919. bytes (REL,CON)

      Value  Global                              Global Defined In Module
      -----  --------------------------------   ------------------------
     00005489  _enemyinit                         enemy
     00005644  _enemyspawn                        enemy
     0000581C  _enemyupdate                       enemy
     00005A28  _enemyrender                       enemy
     00005ABA  _enemydamage                       enemy
     00005AFA  _playerinit                        player
     00005B40  _playerupdate                      player
     00005D90  _playerrender                      player
     00005DDD  _player_get_health                 player
     00005DF3  _player_get_weapon                 player
     00005E09  _projectileinit                    projectile
     00005E66  _projectilefire                    projectile
     00005F1D  _projectileupdate                  projectile
     00005F7C  _projectilerender                  projectile
     00005FFE  __divuint                          
     00006006  __divuchar                         
     0000600D  __divu8                            
     00006010  __divu16                           
     0000603F  _cpct_isKeyPressed                 cpct_keyboard
     0000603F  cpct_isKeyPressed_asm              cpct_keyboard
     0000604B  _cpct_scanKeyboard_f               cpct_keyboard
     0000604B  cpct_scanKeyboard_f_asm            cpct_keyboard
     000060B5  _cpct_setPalette                   cpct_video
     000060CC  _cpct_setPALColour                 cpct_video
     000060D8  _cpct_drawSprite                   cpct_sprites
     0000617D  __moduchar                         
     00006189  __moduint                          
     00006194  _cpct_keyboardStatusBuffer         cpct_keyboard
     0000619E  _cpct_waitVSYNC                    cpct_video
     0000619E  cpct_waitVSYNC_asm                 cpct_video
     000061A6  _cpct_setVideoMode                 cpct_video
     000061B4  _cpct_px2byteM0                    cpct_sprites
     000061D0  _cpct_memset                       cpct_memutils
     000061DE  _cpct_disableFirmware              cpct_firmware
     000061DE  _cpct_removeInterruptHandler       cpct_firmware
     000061DE  cpct_disableFirmware_asm           cpct_firmware
     000061DE  cpct_removeInterruptHandler_asm    cpct_firmware
     000061EE  _cpct_drawSolidBox                 cpct_sprites
     000062A6  _cpct_mode_rom_status              cpct_firmware
     000062A7  _cpct_getScreenPtr                 cpct_video
     000062C7  dc_mode0_ct                        cpct_strings

ASxxxx Linker V03.00 + NoICE + sdld,  page 4.
Hexadecimal  [32-Bits]

Area                                    Addr        Size        Decimal Bytes (Attributes)
--------------------------------        ----        ----        ------- ----- ------------
_DATA                               000062D7    000000AE =         174. bytes (REL,CON)

      Value  Global                              Global Defined In Module
      -----  --------------------------------   ------------------------
ASxxxx Linker V03.00 + NoICE + sdld,  page 5.
Hexadecimal  [32-Bits]

Area                                    Addr        Size        Decimal Bytes (Attributes)
--------------------------------        ----        ----        ------- ----- ------------
_INITIALIZED                        00006385    00000007 =           7. bytes (REL,CON)

      Value  Global                              Global Defined In Module
      -----  --------------------------------   ------------------------
ASxxxx Linker V03.00 + NoICE + sdld,  page 6.
Hexadecimal  [32-Bits]

Area                                    Addr        Size        Decimal Bytes (Attributes)
--------------------------------        ----        ----        ------- ----- ------------
_INITIALIZER                        0000638C    00000007 =           7. bytes (REL,CON)

      Value  Global                              Global Defined In Module
      -----  --------------------------------   ------------------------
ASxxxx Linker V03.00 + NoICE + sdld,  page 7.

Files Linked                              [ module(s) ]

obj/game.rel                              [ game ]
obj/main.rel                              [ main ]
obj/systems/collision.rel                 [ collision ]
obj/systems/hud.rel                       [ hud ]
obj/systems/input.rel                     [ input ]
obj/systems/tilemap.rel                   [ tilemap ]
obj/data/level1.rel                       [ level1 ]
obj/data/tileset/base.rel                 [ base ]
obj/data/tileset/tilesetground.rel        [ tilesetground ]
obj/data/tileset/tilesetplatforms.rel     [ tilesetplatforms ]
obj/data/tileset/tilesettraps.rel         [ tilesettraps ]
obj/data/sprites/playerknight.rel         [ playerknight ]
obj/data/sprites/projectiles.rel          [ projectiles ]
obj/data/sprites/skeletalarcher.rel       [ skeletalarcher ]
obj/data/sprites/zombieshambler.rel       [ zombieshambler ]
obj/data/hud/healthbar.rel                [ healthbar ]
obj/data/hud/lives.rel                    [ lives ]
obj/data/hud/score.rel                    [ score ]
obj/data/hud/weapon.rel                   [ weapon ]
obj/entities/enemy.rel                    [ enemy ]
obj/entities/player.rel                   [ player ]
obj/entities/projectile.rel               [ projectile ]


Libraries Linked                          [ object file ]

/Users/rafagranados/Develop/charlas/48HSK/retrofactory/cpc-studio-v2_1-code/tools/cpctelera/cpctelera/tools/sdcc-3.6.8-r9946/bin/../share/sdcc/lib/z80/z80.lib
                                          [ divunsigned.rel ]
/Users/rafagranados/Develop/charlas/48HSK/retrofactory/cpc-studio-v2_1-code/tools/cpctelera/cpctelera/cpctelera.lib
                                          [ cpct_isKeyPressed.rel ]
/Users/rafagranados/Develop/charlas/48HSK/retrofactory/cpc-studio-v2_1-code/tools/cpctelera/cpctelera/cpctelera.lib
                                          [ cpct_scanKeyboard_f.rel ]
/Users/rafagranados/Develop/charlas/48HSK/retrofactory/cpc-studio-v2_1-code/tools/cpctelera/cpctelera/cpctelera.lib
                                          [ cpct_setPalette_cbindings.rel ]
/Users/rafagranados/Develop/charlas/48HSK/retrofactory/cpc-studio-v2_1-code/tools/cpctelera/cpctelera/cpctelera.lib
                                          [ cpct_setPALColour_cbindings.rel ]
/Users/rafagranados/Develop/charlas/48HSK/retrofactory/cpc-studio-v2_1-code/tools/cpctelera/cpctelera/cpctelera.lib
                                          [ cpct_drawSprite_cbindings.rel ]
/Users/rafagranados/Develop/charlas/48HSK/retrofactory/cpc-studio-v2_1-code/tools/cpctelera/cpctelera/tools/sdcc-3.6.8-r9946/bin/../share/sdcc/lib/z80/z80.lib
                                          [ modunsigned.rel ]
/Users/rafagranados/Develop/charlas/48HSK/retrofactory/cpc-studio-v2_1-code/tools/cpctelera/cpctelera/cpctelera.lib
                                          [ keyboard.rel ]
/Users/rafagranados/Develop/charlas/48HSK/retrofactory/cpc-studio-v2_1-code/tools/cpctelera/cpctelera/cpctelera.lib
                                          [ cpct_waitVSYNC.rel ]
/Users/rafagranados/Develop/charlas/48HSK/retrofactory/cpc-studio-v2_1-code/tools/cpctelera/cpctelera/cpctelera.lib
                                          [ cpct_setVideoMode_cbindings.rel ]
/Users/rafagranados/Develop/charlas/48HSK/retrofactory/cpc-studio-v2_1-code/tools/cpctelera/cpctelera/cpctelera.lib
                                          [ cpct_px2byteM0_cbindings.rel ]
/Users/rafagranados/Develop/charlas/48HSK/retrofactory/cpc-studio-v2_1-code/tools/cpctelera/cpctelera/cpctelera.lib
                                          [ cpct_memset_cbinding.rel ]
/Users/rafagranados/Develop/charlas/48HSK/retrofactory/cpc-studio-v2_1-code/tools/cpctelera/cpctelera/cpctelera.lib
                                          [ cpct_removeInterruptHandler.rel ]
/Users/rafagranados/Develop/charlas/48HSK/retrofactory/cpc-studio-v2_1-code/tools/cpctelera/cpctelera/cpctelera.lib
                                          [ cpct_drawSolidBox_cbindings.rel ]
/Users/rafagranados/Develop/charlas/48HSK/retrofactory/cpc-studio-v2_1-code/tools/cpctelera/cpctelera/cpctelera.lib
                                          [ cpc_mode_rom_status.rel ]
/Users/rafagranados/Develop/charlas/48HSK/retrofactory/cpc-studio-v2_1-code/tools/cpctelera/cpctelera/cpctelera.lib
                                          [ cpct_getScreenPtr_cbindings.rel ]
/Users/rafagranados/Develop/charlas/48HSK/retrofactory/cpc-studio-v2_1-code/tools/cpctelera/cpctelera/cpctelera.lib
                                          [ cpct_dc_mode0_ct.rel ]

ASxxxx Linker V03.00 + NoICE + sdld,  page 8.

User Base Address Definitions

_CODE = 0x4000
_DATA = 0x0000

